build-windows	Set up job	ï»¿2026-02-04T07:09:03.2422523Z Current runner version: '2.331.0'
build-windows	Set up job	2026-02-04T07:09:03.2471582Z ##[group]Runner Image Provisioner
build-windows	Set up job	2026-02-04T07:09:03.2472362Z Hosted Compute Agent
build-windows	Set up job	2026-02-04T07:09:03.2472836Z Version: 20260123.484
build-windows	Set up job	2026-02-04T07:09:03.2473646Z Commit: 6bd6555ca37d84114959e1c76d2c01448ff61c5d
build-windows	Set up job	2026-02-04T07:09:03.2474277Z Build Date: 2026-01-23T19:41:17Z
build-windows	Set up job	2026-02-04T07:09:03.2474885Z Worker ID: {64fa5a96-0395-4450-987e-64ec09097b01}
build-windows	Set up job	2026-02-04T07:09:03.2475474Z Azure Region: westus
build-windows	Set up job	2026-02-04T07:09:03.2475984Z ##[endgroup]
build-windows	Set up job	2026-02-04T07:09:03.2477286Z ##[group]Operating System
build-windows	Set up job	2026-02-04T07:09:03.2477886Z Microsoft Windows Server 2025
build-windows	Set up job	2026-02-04T07:09:03.2478422Z 10.0.26100
build-windows	Set up job	2026-02-04T07:09:03.2478807Z Datacenter
build-windows	Set up job	2026-02-04T07:09:03.2479231Z ##[endgroup]
build-windows	Set up job	2026-02-04T07:09:03.2479649Z ##[group]Runner Image
build-windows	Set up job	2026-02-04T07:09:03.2480135Z Image: windows-2025
build-windows	Set up job	2026-02-04T07:09:03.2480555Z Version: 20260127.11.2
build-windows	Set up job	2026-02-04T07:09:03.2481581Z Included Software: https://github.com/actions/runner-images/blob/win25/20260127.11/images/windows/Windows2025-Readme.md
build-windows	Set up job	2026-02-04T07:09:03.2483313Z Image Release: https://github.com/actions/runner-images/releases/tag/win25%2F20260127.11
build-windows	Set up job	2026-02-04T07:09:03.2484153Z ##[endgroup]
build-windows	Set up job	2026-02-04T07:09:03.2485126Z ##[group]GITHUB_TOKEN Permissions
build-windows	Set up job	2026-02-04T07:09:03.2486844Z Contents: read
build-windows	Set up job	2026-02-04T07:09:03.2487358Z Metadata: read
build-windows	Set up job	2026-02-04T07:09:03.2488102Z Packages: read
build-windows	Set up job	2026-02-04T07:09:03.2488623Z ##[endgroup]
build-windows	Set up job	2026-02-04T07:09:03.2490688Z Secret source: Actions
build-windows	Set up job	2026-02-04T07:09:03.2491333Z Prepare workflow directory
build-windows	Set up job	2026-02-04T07:09:03.2828396Z Prepare all required actions
build-windows	Set up job	2026-02-04T07:09:03.2878292Z Getting action download info
build-windows	Set up job	2026-02-04T07:09:03.8212790Z Download action repository 'actions/checkout@v4' (SHA:34e114876b0b11c390a56381ad16ebd13914f8d5)
build-windows	Set up job	2026-02-04T07:09:03.9513486Z Download action repository 'actions/setup-node@v4' (SHA:49933ea5288caeca8642d1e84afbd3f7d6820020)
build-windows	Set up job	2026-02-04T07:09:04.1163122Z Download action repository 'pnpm/action-setup@v4' (SHA:41ff72655975bd51cab0327fa583b6e92b6d3061)
build-windows	Set up job	2026-02-04T07:09:05.2057597Z Download action repository 'dtolnay/rust-toolchain@stable' (SHA:4be9e76fd7c4901c61fb841f559994984270fce7)
build-windows	Set up job	2026-02-04T07:09:05.7080915Z Download action repository 'swatinem/rust-cache@v2' (SHA:779680da715d629ac1d338a641029a2f4372abb5)
build-windows	Set up job	2026-02-04T07:09:06.8185185Z Download action repository 'actions/upload-artifact@v4' (SHA:ea165f8d65b6e75b540449e92b4886f43607fa02)
build-windows	Set up job	2026-02-04T07:09:07.0355470Z Download action repository 'softprops/action-gh-release@v1' (SHA:de2c0eb89ae2a093876385947365aca7b0e5f844)
build-windows	Set up job	2026-02-04T07:09:08.0923830Z Complete job name: build-windows
build-windows	Run actions/checkout@v4	ï»¿2026-02-04T07:09:08.2201623Z ##[group]Run actions/checkout@v4
build-windows	Run actions/checkout@v4	2026-02-04T07:09:08.2202335Z with:
build-windows	Run actions/checkout@v4	2026-02-04T07:09:08.2202520Z   repository: skquievreux/voice2text
build-windows	Run actions/checkout@v4	2026-02-04T07:09:08.2202932Z   token: ***
build-windows	Run actions/checkout@v4	2026-02-04T07:09:08.2203088Z   ssh-strict: true
build-windows	Run actions/checkout@v4	2026-02-04T07:09:08.2203262Z   ssh-user: git
build-windows	Run actions/checkout@v4	2026-02-04T07:09:08.2203428Z   persist-credentials: true
build-windows	Run actions/checkout@v4	2026-02-04T07:09:08.2203643Z   clean: true
build-windows	Run actions/checkout@v4	2026-02-04T07:09:08.2203833Z   sparse-checkout-cone-mode: true
build-windows	Run actions/checkout@v4	2026-02-04T07:09:08.2204050Z   fetch-depth: 1
build-windows	Run actions/checkout@v4	2026-02-04T07:09:08.2204209Z   fetch-tags: false
build-windows	Run actions/checkout@v4	2026-02-04T07:09:08.2204370Z   show-progress: true
build-windows	Run actions/checkout@v4	2026-02-04T07:09:08.2204539Z   lfs: false
build-windows	Run actions/checkout@v4	2026-02-04T07:09:08.2204692Z   submodules: false
build-windows	Run actions/checkout@v4	2026-02-04T07:09:08.2204866Z   set-safe-directory: true
build-windows	Run actions/checkout@v4	2026-02-04T07:09:08.2205246Z ##[endgroup]
build-windows	Run actions/checkout@v4	2026-02-04T07:09:08.3890806Z Syncing repository: skquievreux/voice2text
build-windows	Run actions/checkout@v4	2026-02-04T07:09:08.3893401Z ##[group]Getting Git version info
build-windows	Run actions/checkout@v4	2026-02-04T07:09:08.3893930Z Working directory is 'D:\a\voice2text\voice2text'
build-windows	Run actions/checkout@v4	2026-02-04T07:09:08.5217531Z [command]"C:\Program Files\Git\bin\git.exe" version
build-windows	Run actions/checkout@v4	2026-02-04T07:09:08.8825528Z git version 2.52.0.windows.1
build-windows	Run actions/checkout@v4	2026-02-04T07:09:08.8830141Z ##[endgroup]
build-windows	Run actions/checkout@v4	2026-02-04T07:09:08.8853601Z Temporarily overriding HOME='D:\a\_temp\97a50d3a-bee7-4a08-ab26-254eca2942c0' before making global git config changes
build-windows	Run actions/checkout@v4	2026-02-04T07:09:08.8854928Z Adding repository directory to the temporary git global config as a safe directory
build-windows	Run actions/checkout@v4	2026-02-04T07:09:08.8867757Z [command]"C:\Program Files\Git\bin\git.exe" config --global --add safe.directory D:\a\voice2text\voice2text
build-windows	Run actions/checkout@v4	2026-02-04T07:09:08.9440966Z Deleting the contents of 'D:\a\voice2text\voice2text'
build-windows	Run actions/checkout@v4	2026-02-04T07:09:08.9447939Z ##[group]Initializing the repository
build-windows	Run actions/checkout@v4	2026-02-04T07:09:08.9458618Z [command]"C:\Program Files\Git\bin\git.exe" init D:\a\voice2text\voice2text
build-windows	Run actions/checkout@v4	2026-02-04T07:09:09.0315265Z Initialized empty Git repository in D:/a/voice2text/voice2text/.git/
build-windows	Run actions/checkout@v4	2026-02-04T07:09:09.0375303Z [command]"C:\Program Files\Git\bin\git.exe" remote add origin https://github.com/skquievreux/voice2text
build-windows	Run actions/checkout@v4	2026-02-04T07:09:09.0977510Z ##[endgroup]
build-windows	Run actions/checkout@v4	2026-02-04T07:09:09.0978452Z ##[group]Disabling automatic garbage collection
build-windows	Run actions/checkout@v4	2026-02-04T07:09:09.0991754Z [command]"C:\Program Files\Git\bin\git.exe" config --local gc.auto 0
build-windows	Run actions/checkout@v4	2026-02-04T07:09:09.1321806Z ##[endgroup]
build-windows	Run actions/checkout@v4	2026-02-04T07:09:09.1322734Z ##[group]Setting up auth
build-windows	Run actions/checkout@v4	2026-02-04T07:09:09.1346785Z [command]"C:\Program Files\Git\bin\git.exe" config --local --name-only --get-regexp core\.sshCommand
build-windows	Run actions/checkout@v4	2026-02-04T07:09:09.1720612Z [command]"C:\Program Files\Git\bin\git.exe" submodule foreach --recursive "sh -c \"git config --local --name-only --get-regexp 'core\.sshCommand' && git config --local --unset-all 'core.sshCommand' || :\""
build-windows	Run actions/checkout@v4	2026-02-04T07:09:10.6686413Z [command]"C:\Program Files\Git\bin\git.exe" config --local --name-only --get-regexp http\.https\:\/\/github\.com\/\.extraheader
build-windows	Run actions/checkout@v4	2026-02-04T07:09:10.6990648Z [command]"C:\Program Files\Git\bin\git.exe" submodule foreach --recursive "sh -c \"git config --local --name-only --get-regexp 'http\.https\:\/\/github\.com\/\.extraheader' && git config --local --unset-all 'http.https://github.com/.extraheader' || :\""
build-windows	Run actions/checkout@v4	2026-02-04T07:09:11.2059163Z [command]"C:\Program Files\Git\bin\git.exe" config --local --name-only --get-regexp ^includeIf\.gitdir:
build-windows	Run actions/checkout@v4	2026-02-04T07:09:11.2355664Z [command]"C:\Program Files\Git\bin\git.exe" submodule foreach --recursive "git config --local --show-origin --name-only --get-regexp remote.origin.url"
build-windows	Run actions/checkout@v4	2026-02-04T07:09:11.7897630Z [command]"C:\Program Files\Git\bin\git.exe" config --local http.https://github.com/.extraheader "AUTHORIZATION: basic ***"
build-windows	Run actions/checkout@v4	2026-02-04T07:09:11.8202398Z ##[endgroup]
build-windows	Run actions/checkout@v4	2026-02-04T07:09:11.8203036Z ##[group]Fetching the repository
build-windows	Run actions/checkout@v4	2026-02-04T07:09:11.8216512Z [command]"C:\Program Files\Git\bin\git.exe" -c protocol.version=2 fetch --no-tags --prune --no-recurse-submodules --depth=1 origin +67fc654ea770e7560fd9b4ca3a964e2406d16572:refs/tags/v1.0.1
build-windows	Run actions/checkout@v4	2026-02-04T07:09:13.1513986Z From https://github.com/skquievreux/voice2text
build-windows	Run actions/checkout@v4	2026-02-04T07:09:13.1518044Z  * [new ref]         67fc654ea770e7560fd9b4ca3a964e2406d16572 -> v1.0.1
build-windows	Run actions/checkout@v4	2026-02-04T07:09:13.1857759Z ##[endgroup]
build-windows	Run actions/checkout@v4	2026-02-04T07:09:13.1858376Z ##[group]Determining the checkout info
build-windows	Run actions/checkout@v4	2026-02-04T07:09:13.1861144Z ##[endgroup]
build-windows	Run actions/checkout@v4	2026-02-04T07:09:13.1871759Z [command]"C:\Program Files\Git\bin\git.exe" sparse-checkout disable
build-windows	Run actions/checkout@v4	2026-02-04T07:09:13.2315620Z [command]"C:\Program Files\Git\bin\git.exe" config --local --unset-all extensions.worktreeConfig
build-windows	Run actions/checkout@v4	2026-02-04T07:09:13.2631159Z ##[group]Checking out the ref
build-windows	Run actions/checkout@v4	2026-02-04T07:09:13.2641895Z [command]"C:\Program Files\Git\bin\git.exe" checkout --progress --force refs/tags/v1.0.1
build-windows	Run actions/checkout@v4	2026-02-04T07:09:13.3389964Z Note: switching to 'refs/tags/v1.0.1'.
build-windows	Run actions/checkout@v4	2026-02-04T07:09:13.3390441Z 
build-windows	Run actions/checkout@v4	2026-02-04T07:09:13.3390798Z You are in 'detached HEAD' state. You can look around, make experimental
build-windows	Run actions/checkout@v4	2026-02-04T07:09:13.3391438Z changes and commit them, and you can discard any commits you make in this
build-windows	Run actions/checkout@v4	2026-02-04T07:09:13.3391930Z state without impacting any branches by switching back to a branch.
build-windows	Run actions/checkout@v4	2026-02-04T07:09:13.3392251Z 
build-windows	Run actions/checkout@v4	2026-02-04T07:09:13.3392445Z If you want to create a new branch to retain commits you create, you may
build-windows	Run actions/checkout@v4	2026-02-04T07:09:13.3392898Z do so (now or later) by using -c with the switch command. Example:
build-windows	Run actions/checkout@v4	2026-02-04T07:09:13.3393165Z 
build-windows	Run actions/checkout@v4	2026-02-04T07:09:13.3393300Z   git switch -c <new-branch-name>
build-windows	Run actions/checkout@v4	2026-02-04T07:09:13.3394846Z 
build-windows	Run actions/checkout@v4	2026-02-04T07:09:13.3395264Z Or undo this operation with:
build-windows	Run actions/checkout@v4	2026-02-04T07:09:13.3395638Z 
build-windows	Run actions/checkout@v4	2026-02-04T07:09:13.3396557Z   git switch -
build-windows	Run actions/checkout@v4	2026-02-04T07:09:13.3396886Z 
build-windows	Run actions/checkout@v4	2026-02-04T07:09:13.3397311Z Turn off this advice by setting config variable advice.detachedHead to false
build-windows	Run actions/checkout@v4	2026-02-04T07:09:13.3397836Z 
build-windows	Run actions/checkout@v4	2026-02-04T07:09:13.3398143Z HEAD is now at 67fc654 fix(desktop): remove unused state causing build failure
build-windows	Run actions/checkout@v4	2026-02-04T07:09:13.3431988Z ##[endgroup]
build-windows	Run actions/checkout@v4	2026-02-04T07:09:13.3854158Z [command]"C:\Program Files\Git\bin\git.exe" log -1 --format=%H
build-windows	Run actions/checkout@v4	2026-02-04T07:09:13.4141585Z 67fc654ea770e7560fd9b4ca3a964e2406d16572
build-windows	Setup Node.js	ï»¿2026-02-04T07:09:13.4586366Z ##[group]Run actions/setup-node@v4
build-windows	Setup Node.js	2026-02-04T07:09:13.4586681Z with:
build-windows	Setup Node.js	2026-02-04T07:09:13.4586845Z   node-version: 20
build-windows	Setup Node.js	2026-02-04T07:09:13.4587032Z   always-auth: false
build-windows	Setup Node.js	2026-02-04T07:09:13.4587213Z   check-latest: false
build-windows	Setup Node.js	2026-02-04T07:09:13.4587526Z   token: ***
build-windows	Setup Node.js	2026-02-04T07:09:13.4587687Z ##[endgroup]
build-windows	Setup Node.js	2026-02-04T07:09:13.7163184Z Found in cache @ C:\hostedtoolcache\windows\node\20.20.0\x64
build-windows	Setup Node.js	2026-02-04T07:09:13.7173098Z ##[group]Environment details
build-windows	Setup Node.js	2026-02-04T07:09:17.9520281Z node: v20.20.0
build-windows	Setup Node.js	2026-02-04T07:09:17.9520628Z npm: 10.8.2
build-windows	Setup Node.js	2026-02-04T07:09:17.9520849Z yarn: 1.22.22
build-windows	Setup Node.js	2026-02-04T07:09:17.9522359Z ##[endgroup]
build-windows	Setup PNPM	ï»¿2026-02-04T07:09:17.9815723Z ##[group]Run pnpm/action-setup@v4
build-windows	Setup PNPM	2026-02-04T07:09:17.9816063Z with:
build-windows	Setup PNPM	2026-02-04T07:09:17.9816225Z   version: 10.11.0
build-windows	Setup PNPM	2026-02-04T07:09:17.9816409Z   dest: ~/setup-pnpm
build-windows	Setup PNPM	2026-02-04T07:09:17.9816588Z   run_install: null
build-windows	Setup PNPM	2026-02-04T07:09:17.9816780Z   package_json_file: package.json
build-windows	Setup PNPM	2026-02-04T07:09:17.9817005Z   standalone: false
build-windows	Setup PNPM	2026-02-04T07:09:17.9817172Z ##[endgroup]
build-windows	Setup PNPM	2026-02-04T07:09:18.0687494Z ##[group]Running self-installer...
build-windows	Setup PNPM	2026-02-04T07:09:18.7486673Z Progress: resolved 1, reused 0, downloaded 0, added 0
build-windows	Setup PNPM	2026-02-04T07:09:18.7639070Z Packages: +1
build-windows	Setup PNPM	2026-02-04T07:09:18.7639412Z +
build-windows	Setup PNPM	2026-02-04T07:09:21.0624496Z Progress: resolved 1, reused 0, downloaded 1, added 0
build-windows	Setup PNPM	2026-02-04T07:09:21.9770883Z Progress: resolved 1, reused 0, downloaded 1, added 1, done
build-windows	Setup PNPM	2026-02-04T07:09:22.0549279Z 
build-windows	Setup PNPM	2026-02-04T07:09:22.0550137Z dependencies:
build-windows	Setup PNPM	2026-02-04T07:09:22.0550657Z + pnpm 10.11.0 (10.28.2 is available)
build-windows	Setup PNPM	2026-02-04T07:09:22.0550964Z 
build-windows	Setup PNPM	2026-02-04T07:09:22.0682228Z Done in 3.7s
build-windows	Setup PNPM	2026-02-04T07:09:22.0864494Z ##[endgroup]
build-windows	Setup PNPM	2026-02-04T07:09:22.0870191Z Installation Completed!
build-windows	Install Rust	ï»¿2026-02-04T07:09:22.1220486Z ##[group]Run dtolnay/rust-toolchain@stable
build-windows	Install Rust	2026-02-04T07:09:22.1220808Z with:
build-windows	Install Rust	2026-02-04T07:09:22.1220990Z   targets: x86_64-pc-windows-msvc
build-windows	Install Rust	2026-02-04T07:09:22.1221204Z   toolchain: stable
build-windows	Install Rust	2026-02-04T07:09:22.1221360Z env:
build-windows	Install Rust	2026-02-04T07:09:22.1221575Z   PNPM_HOME: C:\Users\runneradmin\setup-pnpm\node_modules\.bin
build-windows	Install Rust	2026-02-04T07:09:22.1221876Z ##[endgroup]
build-windows	Install Rust	2026-02-04T07:09:22.1437281Z ##[group]Run : parse toolchain version
build-windows	Install Rust	2026-02-04T07:09:22.1437634Z [36;1m: parse toolchain version[0m
build-windows	Install Rust	2026-02-04T07:09:22.1437882Z [36;1mif [[ -z $toolchain ]]; then[0m
build-windows	Install Rust	2026-02-04T07:09:22.1438354Z [36;1m  # GitHub does not enforce `required: true` inputs itself. https://github.com/actions/runner/issues/1070[0m
build-windows	Install Rust	2026-02-04T07:09:22.1438900Z [36;1m  echo "'toolchain' is a required input" >&2[0m
build-windows	Install Rust	2026-02-04T07:09:22.1439153Z [36;1m  exit 1[0m
build-windows	Install Rust	2026-02-04T07:09:22.1439440Z [36;1melif [[ $toolchain =~ ^stable' '[0-9]+' '(year|month|week|day)s?' 'ago$ ]]; then[0m
build-windows	Install Rust	2026-02-04T07:09:22.1439812Z [36;1m  if [[ Windows == macOS ]]; then[0m
build-windows	Install Rust	2026-02-04T07:09:22.1440328Z [36;1m    echo "toolchain=1.$((($(date -v-$(sed 's/stable \([0-9]*\) \(.\).*/\1\2/' <<< $toolchain) +%s)/60/60/24-16569)/7/6))" >> $GITHUB_OUTPUT[0m
build-windows	Install Rust	2026-02-04T07:09:22.1440796Z [36;1m  else[0m
build-windows	Install Rust	2026-02-04T07:09:22.1441145Z [36;1m    echo "toolchain=1.$((($(date --date "${toolchain#stable }" +%s)/60/60/24-16569)/7/6))" >> $GITHUB_OUTPUT[0m
build-windows	Install Rust	2026-02-04T07:09:22.1441555Z [36;1m  fi[0m
build-windows	Install Rust	2026-02-04T07:09:22.1441795Z [36;1melif [[ $toolchain =~ ^stable' 'minus' '[0-9]+' 'releases?$ ]]; then[0m
build-windows	Install Rust	2026-02-04T07:09:22.1442277Z [36;1m  echo "toolchain=1.$((($(date +%s)/60/60/24-16569)/7/6-${toolchain//[^0-9]/}))" >> $GITHUB_OUTPUT[0m
build-windows	Install Rust	2026-02-04T07:09:22.1442927Z [36;1melif [[ $toolchain =~ ^1\.[0-9]+$ ]]; then[0m
build-windows	Install Rust	2026-02-04T07:09:22.1443458Z [36;1m  echo "toolchain=1.$((i=${toolchain#1.}, c=($(date +%s)/60/60/24-16569)/7/6, i+9*i*(10*i<=c)+90*i*(100*i<=c)))" >> $GITHUB_OUTPUT[0m
build-windows	Install Rust	2026-02-04T07:09:22.1443916Z [36;1melse[0m
build-windows	Install Rust	2026-02-04T07:09:22.1444117Z [36;1m  echo "toolchain=$toolchain" >> $GITHUB_OUTPUT[0m
build-windows	Install Rust	2026-02-04T07:09:22.1444370Z [36;1mfi[0m
build-windows	Install Rust	2026-02-04T07:09:22.1464016Z shell: C:\Program Files\Git\bin\bash.EXE --noprofile --norc -e -o pipefail {0}
build-windows	Install Rust	2026-02-04T07:09:22.1464460Z env:
build-windows	Install Rust	2026-02-04T07:09:22.1464706Z   PNPM_HOME: C:\Users\runneradmin\setup-pnpm\node_modules\.bin
build-windows	Install Rust	2026-02-04T07:09:22.1465013Z   toolchain: stable
build-windows	Install Rust	2026-02-04T07:09:22.1465175Z ##[endgroup]
build-windows	Install Rust	2026-02-04T07:09:22.3146432Z ##[group]Run : construct rustup command line
build-windows	Install Rust	2026-02-04T07:09:22.3146746Z [36;1m: construct rustup command line[0m
build-windows	Install Rust	2026-02-04T07:09:22.3147169Z [36;1mecho "targets=$(for t in ${targets//,/ }; do echo -n ' --target' $t; done)" >> $GITHUB_OUTPUT[0m
build-windows	Install Rust	2026-02-04T07:09:22.3147779Z [36;1mecho "components=$(for c in ${components//,/ }; do echo -n ' --component' $c; done)" >> $GITHUB_OUTPUT[0m
build-windows	Install Rust	2026-02-04T07:09:22.3148224Z [36;1mecho "downgrade=" >> $GITHUB_OUTPUT[0m
build-windows	Install Rust	2026-02-04T07:09:22.3165349Z shell: C:\Program Files\Git\bin\bash.EXE --noprofile --norc -e -o pipefail {0}
build-windows	Install Rust	2026-02-04T07:09:22.3165730Z env:
build-windows	Install Rust	2026-02-04T07:09:22.3165957Z   PNPM_HOME: C:\Users\runneradmin\setup-pnpm\node_modules\.bin
build-windows	Install Rust	2026-02-04T07:09:22.3166256Z   targets: x86_64-pc-windows-msvc
build-windows	Install Rust	2026-02-04T07:09:22.3166466Z   components: 
build-windows	Install Rust	2026-02-04T07:09:22.3166611Z ##[endgroup]
build-windows	Install Rust	2026-02-04T07:09:22.4003707Z ##[group]Run : set $CARGO_HOME
build-windows	Install Rust	2026-02-04T07:09:22.4003941Z [36;1m: set $CARGO_HOME[0m
build-windows	Install Rust	2026-02-04T07:09:22.4004281Z [36;1mecho CARGO_HOME=${CARGO_HOME:-"$USERPROFILE\.cargo"} >> $GITHUB_ENV[0m
build-windows	Install Rust	2026-02-04T07:09:22.4020795Z shell: C:\Program Files\Git\bin\bash.EXE --noprofile --norc -e -o pipefail {0}
build-windows	Install Rust	2026-02-04T07:09:22.4021162Z env:
build-windows	Install Rust	2026-02-04T07:09:22.4021387Z   PNPM_HOME: C:\Users\runneradmin\setup-pnpm\node_modules\.bin
build-windows	Install Rust	2026-02-04T07:09:22.4021683Z ##[endgroup]
build-windows	Install Rust	2026-02-04T07:09:22.4565593Z ##[group]Run : install rustup if needed on windows
build-windows	Install Rust	2026-02-04T07:09:22.4565929Z [36;1m: install rustup if needed on windows[0m
build-windows	Install Rust	2026-02-04T07:09:22.4566206Z [36;1mif ! command -v rustup &>/dev/null; then[0m
build-windows	Install Rust	2026-02-04T07:09:22.4568867Z [36;1m  curl --proto '=https' --tlsv1.2 --retry 10 --retry-connrefused --location --silent --show-error --fail https://win.rustup.rs/x86_64 --output 'D:\a\_temp\rustup-init.exe'[0m
build-windows	Install Rust	2026-02-04T07:09:22.4569696Z [36;1m  'D:\a\_temp\rustup-init.exe' --default-toolchain none --no-modify-path -y[0m
build-windows	Install Rust	2026-02-04T07:09:22.4570085Z [36;1m  echo "$CARGO_HOME\bin" >> $GITHUB_PATH[0m
build-windows	Install Rust	2026-02-04T07:09:22.4570324Z [36;1mfi[0m
build-windows	Install Rust	2026-02-04T07:09:22.4587088Z shell: C:\Program Files\Git\bin\bash.EXE --noprofile --norc -e -o pipefail {0}
build-windows	Install Rust	2026-02-04T07:09:22.4587445Z env:
build-windows	Install Rust	2026-02-04T07:09:22.4587680Z   PNPM_HOME: C:\Users\runneradmin\setup-pnpm\node_modules\.bin
build-windows	Install Rust	2026-02-04T07:09:22.4587991Z   CARGO_HOME: C:\Users\runneradmin\.cargo
build-windows	Install Rust	2026-02-04T07:09:22.4588215Z ##[endgroup]
build-windows	Install Rust	2026-02-04T07:09:22.5578392Z ##[group]Run rustup toolchain install stable --target x86_64-pc-windows-msvc --profile minimal --no-self-update
build-windows	Install Rust	2026-02-04T07:09:22.5579115Z [36;1mrustup toolchain install stable --target x86_64-pc-windows-msvc --profile minimal --no-self-update[0m
build-windows	Install Rust	2026-02-04T07:09:22.5595493Z shell: C:\Program Files\Git\bin\bash.EXE --noprofile --norc -e -o pipefail {0}
build-windows	Install Rust	2026-02-04T07:09:22.5595857Z env:
build-windows	Install Rust	2026-02-04T07:09:22.5596095Z   PNPM_HOME: C:\Users\runneradmin\setup-pnpm\node_modules\.bin
build-windows	Install Rust	2026-02-04T07:09:22.5596403Z   CARGO_HOME: C:\Users\runneradmin\.cargo
build-windows	Install Rust	2026-02-04T07:09:22.5596642Z   RUSTUP_PERMIT_COPY_RENAME: 1
build-windows	Install Rust	2026-02-04T07:09:22.5596833Z ##[endgroup]
build-windows	Install Rust	2026-02-04T07:09:25.7262737Z info: syncing channel updates for 'stable-x86_64-pc-windows-msvc'
build-windows	Install Rust	2026-02-04T07:09:26.1936229Z info: latest update on 2026-01-22, rust version 1.93.0 (254b59607 2026-01-19)
build-windows	Install Rust	2026-02-04T07:09:26.2412941Z info: component 'rust-std' for target 'x86_64-pc-windows-msvc' is up to date
build-windows	Install Rust	2026-02-04T07:09:26.2433432Z 
build-windows	Install Rust	2026-02-04T07:09:26.2634789Z   stable-x86_64-pc-windows-msvc unchanged - rustc 1.93.0 (254b59607 2026-01-19)
build-windows	Install Rust	2026-02-04T07:09:26.2635482Z 
build-windows	Install Rust	2026-02-04T07:09:26.2871408Z ##[group]Run rustup default stable
build-windows	Install Rust	2026-02-04T07:09:26.2871649Z [36;1mrustup default stable[0m
build-windows	Install Rust	2026-02-04T07:09:26.2888025Z shell: C:\Program Files\Git\bin\bash.EXE --noprofile --norc -e -o pipefail {0}
build-windows	Install Rust	2026-02-04T07:09:26.2888416Z env:
build-windows	Install Rust	2026-02-04T07:09:26.2888655Z   PNPM_HOME: C:\Users\runneradmin\setup-pnpm\node_modules\.bin
build-windows	Install Rust	2026-02-04T07:09:26.2888972Z   CARGO_HOME: C:\Users\runneradmin\.cargo
build-windows	Install Rust	2026-02-04T07:09:26.2889201Z ##[endgroup]
build-windows	Install Rust	2026-02-04T07:09:26.3615013Z info: using existing install for 'stable-x86_64-pc-windows-msvc'
build-windows	Install Rust	2026-02-04T07:09:26.4071299Z info: default toolchain set to 'stable-x86_64-pc-windows-msvc'
build-windows	Install Rust	2026-02-04T07:09:26.4071997Z 
build-windows	Install Rust	2026-02-04T07:09:26.4275315Z   stable-x86_64-pc-windows-msvc unchanged - rustc 1.93.0 (254b59607 2026-01-19)
build-windows	Install Rust	2026-02-04T07:09:26.4275725Z 
build-windows	Install Rust	2026-02-04T07:09:26.4490803Z ##[group]Run : create cachekey
build-windows	Install Rust	2026-02-04T07:09:26.4491043Z [36;1m: create cachekey[0m
build-windows	Install Rust	2026-02-04T07:09:26.4491508Z [36;1mDATE=$(rustc +stable --version --verbose | sed -ne 's/^commit-date: \(20[0-9][0-9]\)-\([01][0-9]\)-\([0-3][0-9]\)$/\1\2\3/p')[0m
build-windows	Install Rust	2026-02-04T07:09:26.4492145Z [36;1mHASH=$(rustc +stable --version --verbose | sed -ne 's/^commit-hash: //p')[0m
build-windows	Install Rust	2026-02-04T07:09:26.4492604Z [36;1mecho "cachekey=$(echo $DATE$HASH | head -c12)" >> $GITHUB_OUTPUT[0m
build-windows	Install Rust	2026-02-04T07:09:26.4508612Z shell: C:\Program Files\Git\bin\bash.EXE --noprofile --norc -e -o pipefail {0}
build-windows	Install Rust	2026-02-04T07:09:26.4508986Z env:
build-windows	Install Rust	2026-02-04T07:09:26.4509217Z   PNPM_HOME: C:\Users\runneradmin\setup-pnpm\node_modules\.bin
build-windows	Install Rust	2026-02-04T07:09:26.4509538Z   CARGO_HOME: C:\Users\runneradmin\.cargo
build-windows	Install Rust	2026-02-04T07:09:26.4509780Z ##[endgroup]
build-windows	Install Rust	2026-02-04T07:09:27.2940445Z ##[group]Run : disable incremental compilation
build-windows	Install Rust	2026-02-04T07:09:27.2940771Z [36;1m: disable incremental compilation[0m
build-windows	Install Rust	2026-02-04T07:09:27.2941054Z [36;1mif [ -z "${CARGO_INCREMENTAL+set}" ]; then[0m
build-windows	Install Rust	2026-02-04T07:09:27.2941349Z [36;1m  echo CARGO_INCREMENTAL=0 >> $GITHUB_ENV[0m
build-windows	Install Rust	2026-02-04T07:09:27.2941590Z [36;1mfi[0m
build-windows	Install Rust	2026-02-04T07:09:27.2959304Z shell: C:\Program Files\Git\bin\bash.EXE --noprofile --norc -e -o pipefail {0}
build-windows	Install Rust	2026-02-04T07:09:27.2959675Z env:
build-windows	Install Rust	2026-02-04T07:09:27.2959912Z   PNPM_HOME: C:\Users\runneradmin\setup-pnpm\node_modules\.bin
build-windows	Install Rust	2026-02-04T07:09:27.2960236Z   CARGO_HOME: C:\Users\runneradmin\.cargo
build-windows	Install Rust	2026-02-04T07:09:27.2960455Z ##[endgroup]
build-windows	Install Rust	2026-02-04T07:09:27.3468831Z ##[group]Run : enable colors in Cargo output
build-windows	Install Rust	2026-02-04T07:09:27.3469121Z [36;1m: enable colors in Cargo output[0m
build-windows	Install Rust	2026-02-04T07:09:27.3469383Z [36;1mif [ -z "${CARGO_TERM_COLOR+set}" ]; then[0m
build-windows	Install Rust	2026-02-04T07:09:27.3469674Z [36;1m  echo CARGO_TERM_COLOR=always >> $GITHUB_ENV[0m
build-windows	Install Rust	2026-02-04T07:09:27.3469923Z [36;1mfi[0m
build-windows	Install Rust	2026-02-04T07:09:27.3486059Z shell: C:\Program Files\Git\bin\bash.EXE --noprofile --norc -e -o pipefail {0}
build-windows	Install Rust	2026-02-04T07:09:27.3486417Z env:
build-windows	Install Rust	2026-02-04T07:09:27.3486637Z   PNPM_HOME: C:\Users\runneradmin\setup-pnpm\node_modules\.bin
build-windows	Install Rust	2026-02-04T07:09:27.3486945Z   CARGO_HOME: C:\Users\runneradmin\.cargo
build-windows	Install Rust	2026-02-04T07:09:27.3487180Z   CARGO_INCREMENTAL: 0
build-windows	Install Rust	2026-02-04T07:09:27.3487354Z ##[endgroup]
build-windows	Install Rust	2026-02-04T07:09:27.4013113Z ##[group]Run : enable Cargo sparse registry
build-windows	Install Rust	2026-02-04T07:09:27.4013414Z [36;1m: enable Cargo sparse registry[0m
build-windows	Install Rust	2026-02-04T07:09:27.4013737Z [36;1m# implemented in 1.66, stabilized in 1.68, made default in 1.70[0m
build-windows	Install Rust	2026-02-04T07:09:27.4014365Z [36;1mif [ -z "${CARGO_REGISTRIES_CRATES_IO_PROTOCOL+set}" -o -f "D:\a\_temp"/.implicit_cargo_registries_crates_io_protocol ]; then[0m
build-windows	Install Rust	2026-02-04T07:09:27.4015000Z [36;1m  if rustc +stable --version --verbose | grep -q '^release: 1\.6[89]\.'; then[0m
build-windows	Install Rust	2026-02-04T07:09:27.4016218Z [36;1m    touch "D:\a\_temp"/.implicit_cargo_registries_crates_io_protocol || true[0m
build-windows	Install Rust	2026-02-04T07:09:27.4016937Z [36;1m    echo CARGO_REGISTRIES_CRATES_IO_PROTOCOL=sparse >> $GITHUB_ENV[0m
build-windows	Install Rust	2026-02-04T07:09:27.4017395Z [36;1m  elif rustc +stable --version --verbose | grep -q '^release: 1\.6[67]\.'; then[0m
build-windows	Install Rust	2026-02-04T07:09:27.4017871Z [36;1m    touch "D:\a\_temp"/.implicit_cargo_registries_crates_io_protocol || true[0m
build-windows	Install Rust	2026-02-04T07:09:27.4018302Z [36;1m    echo CARGO_REGISTRIES_CRATES_IO_PROTOCOL=git >> $GITHUB_ENV[0m
build-windows	Install Rust	2026-02-04T07:09:27.4018599Z [36;1m  fi[0m
build-windows	Install Rust	2026-02-04T07:09:27.4018737Z [36;1mfi[0m
build-windows	Install Rust	2026-02-04T07:09:27.4040541Z shell: C:\Program Files\Git\bin\bash.EXE --noprofile --norc -e -o pipefail {0}
build-windows	Install Rust	2026-02-04T07:09:27.4041170Z env:
build-windows	Install Rust	2026-02-04T07:09:27.4041561Z   PNPM_HOME: C:\Users\runneradmin\setup-pnpm\node_modules\.bin
build-windows	Install Rust	2026-02-04T07:09:27.4042132Z   CARGO_HOME: C:\Users\runneradmin\.cargo
build-windows	Install Rust	2026-02-04T07:09:27.4042548Z   CARGO_INCREMENTAL: 0
build-windows	Install Rust	2026-02-04T07:09:27.4042871Z   CARGO_TERM_COLOR: always
build-windows	Install Rust	2026-02-04T07:09:27.4043181Z ##[endgroup]
build-windows	Install Rust	2026-02-04T07:09:27.6119352Z ##[group]Run : work around spurious network errors in curl 8.0
build-windows	Install Rust	2026-02-04T07:09:27.6119759Z [36;1m: work around spurious network errors in curl 8.0[0m
build-windows	Install Rust	2026-02-04T07:09:27.6120277Z [36;1m# https://rust-lang.zulipchat.com/#narrow/stream/246057-t-cargo/topic/timeout.20investigation[0m
build-windows	Install Rust	2026-02-04T07:09:27.6120875Z [36;1mif rustc +stable --version --verbose | grep -q '^release: 1\.7[01]\.'; then[0m
build-windows	Install Rust	2026-02-04T07:09:27.6121298Z [36;1m  echo CARGO_HTTP_MULTIPLEXING=false >> $GITHUB_ENV[0m
build-windows	Install Rust	2026-02-04T07:09:27.6121562Z [36;1mfi[0m
build-windows	Install Rust	2026-02-04T07:09:27.6137674Z shell: C:\Program Files\Git\bin\bash.EXE --noprofile --norc -e -o pipefail {0}
build-windows	Install Rust	2026-02-04T07:09:27.6138031Z env:
build-windows	Install Rust	2026-02-04T07:09:27.6138264Z   PNPM_HOME: C:\Users\runneradmin\setup-pnpm\node_modules\.bin
build-windows	Install Rust	2026-02-04T07:09:27.6138583Z   CARGO_HOME: C:\Users\runneradmin\.cargo
build-windows	Install Rust	2026-02-04T07:09:27.6138814Z   CARGO_INCREMENTAL: 0
build-windows	Install Rust	2026-02-04T07:09:27.6138997Z   CARGO_TERM_COLOR: always
build-windows	Install Rust	2026-02-04T07:09:27.6139178Z ##[endgroup]
build-windows	Install Rust	2026-02-04T07:09:27.7254401Z ##[group]Run rustc +stable --version --verbose
build-windows	Install Rust	2026-02-04T07:09:27.7254699Z [36;1mrustc +stable --version --verbose[0m
build-windows	Install Rust	2026-02-04T07:09:27.7271234Z shell: C:\Program Files\Git\bin\bash.EXE --noprofile --norc -e -o pipefail {0}
build-windows	Install Rust	2026-02-04T07:09:27.7271595Z env:
build-windows	Install Rust	2026-02-04T07:09:27.7272000Z   PNPM_HOME: C:\Users\runneradmin\setup-pnpm\node_modules\.bin
build-windows	Install Rust	2026-02-04T07:09:27.7272311Z   CARGO_HOME: C:\Users\runneradmin\.cargo
build-windows	Install Rust	2026-02-04T07:09:27.7272543Z   CARGO_INCREMENTAL: 0
build-windows	Install Rust	2026-02-04T07:09:27.7272711Z   CARGO_TERM_COLOR: always
build-windows	Install Rust	2026-02-04T07:09:27.7272890Z ##[endgroup]
build-windows	Install Rust	2026-02-04T07:09:27.8101590Z rustc 1.93.0 (254b59607 2026-01-19)
build-windows	Install Rust	2026-02-04T07:09:27.8102141Z binary: rustc
build-windows	Install Rust	2026-02-04T07:09:27.8102601Z commit-hash: 254b59607d4417e9dffbc307138ae5c86280fe4c
build-windows	Install Rust	2026-02-04T07:09:27.8103051Z commit-date: 2026-01-19
build-windows	Install Rust	2026-02-04T07:09:27.8103300Z host: x86_64-pc-windows-msvc
build-windows	Install Rust	2026-02-04T07:09:27.8103544Z release: 1.93.0
build-windows	Install Rust	2026-02-04T07:09:27.8104542Z LLVM version: 21.1.8
build-windows	Rust Cache	ï»¿2026-02-04T07:09:27.8453290Z ##[group]Run swatinem/rust-cache@v2
build-windows	Rust Cache	2026-02-04T07:09:27.8453611Z with:
build-windows	Rust Cache	2026-02-04T07:09:27.8453786Z   workspaces: apps/desktop/src-tauri
build-windows	Rust Cache	2026-02-04T07:09:27.8454012Z   prefix-key: v0-rust
build-windows	Rust Cache	2026-02-04T07:09:27.8454197Z   add-job-id-key: true
build-windows	Rust Cache	2026-02-04T07:09:27.8454381Z   add-rust-environment-hash-key: true
build-windows	Rust Cache	2026-02-04T07:09:27.8454603Z   cache-targets: true
build-windows	Rust Cache	2026-02-04T07:09:27.8454769Z   cache-all-crates: false
build-windows	Rust Cache	2026-02-04T07:09:27.8454962Z   cache-workspace-crates: false
build-windows	Rust Cache	2026-02-04T07:09:27.8455148Z   save-if: true
build-windows	Rust Cache	2026-02-04T07:09:27.8455303Z   cache-provider: github
build-windows	Rust Cache	2026-02-04T07:09:27.8455472Z   cache-bin: true
build-windows	Rust Cache	2026-02-04T07:09:27.8455623Z   lookup-only: false
build-windows	Rust Cache	2026-02-04T07:09:27.8455776Z env:
build-windows	Rust Cache	2026-02-04T07:09:27.8455986Z   PNPM_HOME: C:\Users\runneradmin\setup-pnpm\node_modules\.bin
build-windows	Rust Cache	2026-02-04T07:09:27.8456313Z   CARGO_HOME: C:\Users\runneradmin\.cargo
build-windows	Rust Cache	2026-02-04T07:09:27.8456732Z   CARGO_INCREMENTAL: 0
build-windows	Rust Cache	2026-02-04T07:09:27.8456908Z   CARGO_TERM_COLOR: always
build-windows	Rust Cache	2026-02-04T07:09:27.8457079Z ##[endgroup]
build-windows	Rust Cache	2026-02-04T07:09:30.1606929Z ##[group]Cache Configuration
build-windows	Rust Cache	2026-02-04T07:09:30.1607937Z Cache Provider:
build-windows	Rust Cache	2026-02-04T07:09:30.1608407Z     github
build-windows	Rust Cache	2026-02-04T07:09:30.1608794Z Workspaces:
build-windows	Rust Cache	2026-02-04T07:09:30.1610177Z     D:\a\voice2text\voice2text\apps\desktop\src-tauri
build-windows	Rust Cache	2026-02-04T07:09:30.1610927Z Cache Paths:
build-windows	Rust Cache	2026-02-04T07:09:30.1611397Z     C:\Users\runneradmin\.cargo\bin
build-windows	Rust Cache	2026-02-04T07:09:30.1612072Z     C:\Users\runneradmin\.cargo\.crates.toml
build-windows	Rust Cache	2026-02-04T07:09:30.1613329Z     C:\Users\runneradmin\.cargo\.crates2.json
build-windows	Rust Cache	2026-02-04T07:09:30.1614160Z     C:\Users\runneradmin\.cargo\registry
build-windows	Rust Cache	2026-02-04T07:09:30.1614917Z     C:\Users\runneradmin\.cargo\git
build-windows	Rust Cache	2026-02-04T07:09:30.1615689Z     D:\a\voice2text\voice2text\apps\desktop\src-tauri\target
build-windows	Rust Cache	2026-02-04T07:09:30.1616294Z Restore Key:
build-windows	Rust Cache	2026-02-04T07:09:30.1616771Z     v0-rust-build-windows-Windows_NT-x64-02f6e914
build-windows	Rust Cache	2026-02-04T07:09:30.1617345Z Cache Key:
build-windows	Rust Cache	2026-02-04T07:09:30.1617862Z     v0-rust-build-windows-Windows_NT-x64-02f6e914-8374de48
build-windows	Rust Cache	2026-02-04T07:09:30.1618512Z .. Prefix:
build-windows	Rust Cache	2026-02-04T07:09:30.1618936Z   - v0-rust-build-windows-Windows_NT-x64
build-windows	Rust Cache	2026-02-04T07:09:30.1619429Z .. Environment considered:
build-windows	Rust Cache	2026-02-04T07:09:30.1620913Z   - Rust Version: 1.93.0 x86_64-pc-windows-msvc (254b59607d4417e9dffbc307138ae5c86280fe4c)
build-windows	Rust Cache	2026-02-04T07:09:30.1621682Z   - CARGO_HOME
build-windows	Rust Cache	2026-02-04T07:09:30.1622017Z   - CARGO_INCREMENTAL
build-windows	Rust Cache	2026-02-04T07:09:30.1622361Z   - CARGO_TERM_COLOR
build-windows	Rust Cache	2026-02-04T07:09:30.1623497Z .. Lockfiles considered:
build-windows	Rust Cache	2026-02-04T07:09:30.1624124Z   - D:\a\voice2text\voice2text\apps\desktop\src-tauri\Cargo.lock
build-windows	Rust Cache	2026-02-04T07:09:30.1624911Z   - D:\a\voice2text\voice2text\apps\desktop\src-tauri\Cargo.toml
build-windows	Rust Cache	2026-02-04T07:09:30.1625721Z ##[endgroup]
build-windows	Rust Cache	2026-02-04T07:09:30.1625908Z 
build-windows	Rust Cache	2026-02-04T07:09:30.1626076Z ... Restoring cache ...
build-windows	Rust Cache	2026-02-04T07:09:30.6468616Z No cache found.
build-windows	Install Dependencies (Frontend)	ï»¿2026-02-04T07:09:30.6730726Z ##[group]Run pnpm install
build-windows	Install Dependencies (Frontend)	2026-02-04T07:09:30.6731056Z [36;1mpnpm install[0m
build-windows	Install Dependencies (Frontend)	2026-02-04T07:09:30.7346160Z shell: C:\Program Files\PowerShell\7\pwsh.EXE -command ". '{0}'"
build-windows	Install Dependencies (Frontend)	2026-02-04T07:09:30.7346526Z env:
build-windows	Install Dependencies (Frontend)	2026-02-04T07:09:30.7346785Z   PNPM_HOME: C:\Users\runneradmin\setup-pnpm\node_modules\.bin
build-windows	Install Dependencies (Frontend)	2026-02-04T07:09:30.7347122Z   CARGO_HOME: C:\Users\runneradmin\.cargo
build-windows	Install Dependencies (Frontend)	2026-02-04T07:09:30.7347358Z   CARGO_INCREMENTAL: 0
build-windows	Install Dependencies (Frontend)	2026-02-04T07:09:30.7347541Z   CARGO_TERM_COLOR: always
build-windows	Install Dependencies (Frontend)	2026-02-04T07:09:30.7347730Z   CACHE_ON_FAILURE: false
build-windows	Install Dependencies (Frontend)	2026-02-04T07:09:30.7347915Z ##[endgroup]
build-windows	Install Dependencies (Frontend)	2026-02-04T07:09:36.6143358Z Scope: all 2 workspace projects
build-windows	Install Dependencies (Frontend)	2026-02-04T07:09:36.7194916Z ../..                                    | Progress: resolved 1, reused 0, downloaded 0, added 0
build-windows	Install Dependencies (Frontend)	2026-02-04T07:09:36.7773152Z ../..                                    |  +79 ++++++++
build-windows	Install Dependencies (Frontend)	2026-02-04T07:09:37.7225904Z ../..                                    | Progress: resolved 79, reused 0, downloaded 41, added 12
build-windows	Install Dependencies (Frontend)	2026-02-04T07:09:38.4965417Z ../..                                    | Progress: resolved 79, reused 0, downloaded 79, added 79, done
build-windows	Install Dependencies (Frontend)	2026-02-04T07:09:38.6762487Z 
build-windows	Install Dependencies (Frontend)	2026-02-04T07:09:38.6762934Z dependencies:
build-windows	Install Dependencies (Frontend)	2026-02-04T07:09:38.6763288Z + @tauri-apps/api 2.10.1
build-windows	Install Dependencies (Frontend)	2026-02-04T07:09:38.6763625Z + @tauri-apps/plugin-opener 2.5.3
build-windows	Install Dependencies (Frontend)	2026-02-04T07:09:38.6763899Z + react 19.2.4
build-windows	Install Dependencies (Frontend)	2026-02-04T07:09:38.6764103Z + react-dom 19.2.4
build-windows	Install Dependencies (Frontend)	2026-02-04T07:09:38.6764240Z 
build-windows	Install Dependencies (Frontend)	2026-02-04T07:09:38.6764330Z devDependencies:
build-windows	Install Dependencies (Frontend)	2026-02-04T07:09:38.6764563Z + @tauri-apps/cli 2.10.0
build-windows	Install Dependencies (Frontend)	2026-02-04T07:09:38.6764822Z + @types/minimatch 6.0.0
build-windows	Install Dependencies (Frontend)	2026-02-04T07:09:38.6765083Z + @types/react 19.2.10
build-windows	Install Dependencies (Frontend)	2026-02-04T07:09:38.6765327Z + @types/react-dom 19.2.3
build-windows	Install Dependencies (Frontend)	2026-02-04T07:09:38.6765609Z + @vitejs/plugin-react 4.7.0
build-windows	Install Dependencies (Frontend)	2026-02-04T07:09:38.6765871Z + typescript 5.8.3
build-windows	Install Dependencies (Frontend)	2026-02-04T07:09:38.6766068Z + vite 7.3.1
build-windows	Install Dependencies (Frontend)	2026-02-04T07:09:38.6766190Z 
build-windows	Install Dependencies (Frontend)	2026-02-04T07:09:38.6766803Z â•­ Warning â”€â”€â”€â”€â”€â”€â”€â”€â”€â”€â”€â”€â”€â”€â”€â”€â”€â”€â”€â”€â”€â”€â”€â”€â”€â”€â”€â”€â”€â”€â”€â”€â”€â”€â”€â”€â”€â”€â”€â”€â”€â”€â”€â”€â”€â”€â”€â”€â”€â”€â”€â”€â”€â”€â”€â”€â”€â”€â”€â”€â”€â”€â”€â”€â”€â”€â”€â”€â”€â•®
build-windows	Install Dependencies (Frontend)	2026-02-04T07:09:38.6767400Z â”‚                                                                              â”‚
build-windows	Install Dependencies (Frontend)	2026-02-04T07:09:38.6768402Z â”‚   Ignored build scripts: esbuild.                                            â”‚
build-windows	Install Dependencies (Frontend)	2026-02-04T07:09:38.6769149Z â”‚   Run "pnpm approve-builds" to pick which dependencies should be allowed     â”‚
build-windows	Install Dependencies (Frontend)	2026-02-04T07:09:38.6769711Z â”‚   to run scripts.                                                            â”‚
build-windows	Install Dependencies (Frontend)	2026-02-04T07:09:38.6770147Z â”‚                                                                              â”‚
build-windows	Install Dependencies (Frontend)	2026-02-04T07:09:38.6770801Z â•°â”€â”€â”€â”€â”€â”€â”€â”€â”€â”€â”€â”€â”€â”€â”€â”€â”€â”€â”€â”€â”€â”€â”€â”€â”€â”€â”€â”€â”€â”€â”€â”€â”€â”€â”€â”€â”€â”€â”€â”€â”€â”€â”€â”€â”€â”€â”€â”€â”€â”€â”€â”€â”€â”€â”€â”€â”€â”€â”€â”€â”€â”€â”€â”€â”€â”€â”€â”€â”€â”€â”€â”€â”€â”€â”€â”€â”€â”€â•¯
build-windows	Install Dependencies (Frontend)	2026-02-04T07:09:38.6771036Z 
build-windows	Install Dependencies (Frontend)	2026-02-04T07:09:38.6992230Z Done in 2.7s using pnpm v10.11.0
build-windows	Fix TypeScript Types (Minimatch)	ï»¿2026-02-04T07:09:39.3359471Z ##[group]Run pnpm add -D @types/minimatch
build-windows	Fix TypeScript Types (Minimatch)	2026-02-04T07:09:39.3359871Z [36;1mpnpm add -D @types/minimatch[0m
build-windows	Fix TypeScript Types (Minimatch)	2026-02-04T07:09:39.3428005Z shell: C:\Program Files\PowerShell\7\pwsh.EXE -command ". '{0}'"
build-windows	Fix TypeScript Types (Minimatch)	2026-02-04T07:09:39.3428341Z env:
build-windows	Fix TypeScript Types (Minimatch)	2026-02-04T07:09:39.3428588Z   PNPM_HOME: C:\Users\runneradmin\setup-pnpm\node_modules\.bin
build-windows	Fix TypeScript Types (Minimatch)	2026-02-04T07:09:39.3428948Z   CARGO_HOME: C:\Users\runneradmin\.cargo
build-windows	Fix TypeScript Types (Minimatch)	2026-02-04T07:09:39.3429184Z   CARGO_INCREMENTAL: 0
build-windows	Fix TypeScript Types (Minimatch)	2026-02-04T07:09:39.3429361Z   CARGO_TERM_COLOR: always
build-windows	Fix TypeScript Types (Minimatch)	2026-02-04T07:09:39.3429546Z   CACHE_ON_FAILURE: false
build-windows	Fix TypeScript Types (Minimatch)	2026-02-04T07:09:39.3429726Z ##[endgroup]
build-windows	Fix TypeScript Types (Minimatch)	2026-02-04T07:09:40.3411794Z ../..                                    | Progress: resolved 0, reused 1, downloaded 0, added 0
build-windows	Fix TypeScript Types (Minimatch)	2026-02-04T07:09:40.3423548Z â€‰WARNâ€‰ deprecated @types/minimatch@6.0.0: This is a stub types definition. minimatch provides its own type definitions, so you do not need this installed.
build-windows	Fix TypeScript Types (Minimatch)	2026-02-04T07:09:41.0572384Z ../..                                    | Progress: resolved 143, reused 79, downloaded 0, added 0, done
build-windows	Fix TypeScript Types (Minimatch)	2026-02-04T07:09:41.1239482Z 
build-windows	Fix TypeScript Types (Minimatch)	2026-02-04T07:09:41.1321907Z Done in 1.4s using pnpm v10.11.0
build-windows	Install Dependencies (Root)	ï»¿2026-02-04T07:09:41.2785002Z ##[group]Run pnpm install
build-windows	Install Dependencies (Root)	2026-02-04T07:09:41.2785325Z [36;1mpnpm install[0m
build-windows	Install Dependencies (Root)	2026-02-04T07:09:41.2857866Z shell: C:\Program Files\PowerShell\7\pwsh.EXE -command ". '{0}'"
build-windows	Install Dependencies (Root)	2026-02-04T07:09:41.2858200Z env:
build-windows	Install Dependencies (Root)	2026-02-04T07:09:41.2858438Z   PNPM_HOME: C:\Users\runneradmin\setup-pnpm\node_modules\.bin
build-windows	Install Dependencies (Root)	2026-02-04T07:09:41.2858767Z   CARGO_HOME: C:\Users\runneradmin\.cargo
build-windows	Install Dependencies (Root)	2026-02-04T07:09:41.2859005Z   CARGO_INCREMENTAL: 0
build-windows	Install Dependencies (Root)	2026-02-04T07:09:41.2859183Z   CARGO_TERM_COLOR: always
build-windows	Install Dependencies (Root)	2026-02-04T07:09:41.2859369Z   CACHE_ON_FAILURE: false
build-windows	Install Dependencies (Root)	2026-02-04T07:09:41.2859548Z ##[endgroup]
build-windows	Install Dependencies (Root)	2026-02-04T07:09:42.1550145Z Scope: all 2 workspace projects
build-windows	Install Dependencies (Root)	2026-02-04T07:09:42.2320179Z Lockfile is up to date, resolution step is skipped
build-windows	Install Dependencies (Root)	2026-02-04T07:09:42.2749891Z Already up to date
build-windows	Install Dependencies (Root)	2026-02-04T07:09:42.4811687Z 
build-windows	Install Dependencies (Root)	2026-02-04T07:09:42.5050250Z Done in 892ms using pnpm v10.11.0
build-windows	Build App	ï»¿2026-02-04T07:09:42.6550855Z ##[group]Run pnpm tauri build
build-windows	Build App	2026-02-04T07:09:42.6551182Z [36;1mpnpm tauri build[0m
build-windows	Build App	2026-02-04T07:09:42.6628697Z shell: C:\Program Files\PowerShell\7\pwsh.EXE -command ". '{0}'"
build-windows	Build App	2026-02-04T07:09:42.6629169Z env:
build-windows	Build App	2026-02-04T07:09:42.6629408Z   PNPM_HOME: C:\Users\runneradmin\setup-pnpm\node_modules\.bin
build-windows	Build App	2026-02-04T07:09:42.6629750Z   CARGO_HOME: C:\Users\runneradmin\.cargo
build-windows	Build App	2026-02-04T07:09:42.6629980Z   CARGO_INCREMENTAL: 0
build-windows	Build App	2026-02-04T07:09:42.6630165Z   CARGO_TERM_COLOR: always
build-windows	Build App	2026-02-04T07:09:42.6630349Z   CACHE_ON_FAILURE: false
build-windows	Build App	2026-02-04T07:09:42.6630548Z   TAURI_SIGNING_PRIVATE_KEY: 
build-windows	Build App	2026-02-04T07:09:42.6630765Z   TAURI_SIGNING_PRIVATE_KEY_PASSWORD: 
build-windows	Build App	2026-02-04T07:09:42.6630985Z ##[endgroup]
build-windows	Build App	2026-02-04T07:09:43.4776888Z 
build-windows	Build App	2026-02-04T07:09:43.4777621Z > appsdesktop@0.1.0 tauri D:\a\voice2text\voice2text\apps\desktop
build-windows	Build App	2026-02-04T07:09:43.4778219Z > tauri "build"
build-windows	Build App	2026-02-04T07:09:43.4778382Z 
build-windows	Build App	2026-02-04T07:09:44.7454569Z         Info Looking up installed tauri packages to check mismatched versions...
build-windows	Build App	2026-02-04T07:09:45.4138295Z      Running beforeBuildCommand `pnpm build`
build-windows	Build App	2026-02-04T07:09:45.9615539Z 
build-windows	Build App	2026-02-04T07:09:45.9616240Z > appsdesktop@0.1.0 build D:\a\voice2text\voice2text\apps\desktop
build-windows	Build App	2026-02-04T07:09:45.9616666Z > tsc && vite build
build-windows	Build App	2026-02-04T07:09:45.9617092Z 
build-windows	Build App	2026-02-04T07:09:48.3084203Z [36mvite v7.3.1 [32mbuilding client environment for production...[36m[39m
build-windows	Build App	2026-02-04T07:09:48.4020583Z transforming...
build-windows	Build App	2026-02-04T07:09:49.4664587Z [32mâœ“[39m 32 modules transformed.
build-windows	Build App	2026-02-04T07:09:49.6119981Z rendering chunks...
build-windows	Build App	2026-02-04T07:09:49.6197823Z computing gzip size...
build-windows	Build App	2026-02-04T07:09:49.6303543Z [2mdist/[22m[32mindex.html                 [39m[1m[2m  0.49 kB[22m[1m[22m[2m â”‚ gzip:  0.31 kB[22m
build-windows	Build App	2026-02-04T07:09:49.6304717Z [2mdist/[22m[35massets/index-CwgE6noV.css  [39m[1m[2m  1.98 kB[22m[1m[22m[2m â”‚ gzip:  0.83 kB[22m
build-windows	Build App	2026-02-04T07:09:49.6306619Z [2mdist/[22m[36massets/index-C2C3TDOq.js   [39m[1m[2m195.79 kB[22m[1m[22m[2m â”‚ gzip: 61.77 kB[22m
build-windows	Build App	2026-02-04T07:09:49.6310090Z [32mâœ“ built in 1.29s[39m
build-windows	Build App	2026-02-04T07:09:51.2470461Z [1m[92m    Updating[0m crates.io index
build-windows	Build App	2026-02-04T07:09:53.7629773Z [1m[92m Downloading[0m crates ...
build-windows	Build App	2026-02-04T07:09:53.9862545Z [1m[92m  Downloaded[0m cpal v0.15.3
build-windows	Build App	2026-02-04T07:09:54.1198116Z [1m[92m  Downloaded[0m litrs v1.0.0
build-windows	Build App	2026-02-04T07:09:54.1897502Z [1m[92m  Downloaded[0m scopeguard v1.2.0
build-windows	Build App	2026-02-04T07:09:54.2263910Z [1m[92m  Downloaded[0m same-file v1.0.6
build-windows	Build App	2026-02-04T07:09:54.2556122Z [1m[92m  Downloaded[0m serde_repr v0.1.20
build-windows	Build App	2026-02-04T07:09:54.2903625Z [1m[92m  Downloaded[0m synstructure v0.13.2
build-windows	Build App	2026-02-04T07:09:54.3182978Z [1m[92m  Downloaded[0m unicase v2.9.0
build-windows	Build App	2026-02-04T07:09:54.3365894Z [1m[92m  Downloaded[0m utf-8 v0.7.6
build-windows	Build App	2026-02-04T07:09:54.3579211Z [1m[92m  Downloaded[0m zeroize v1.8.2
build-windows	Build App	2026-02-04T07:09:54.3739000Z [1m[92m  Downloaded[0m zerofrom v0.1.6
build-windows	Build App	2026-02-04T07:09:54.3862339Z [1m[92m  Downloaded[0m yoke v0.8.1
build-windows	Build App	2026-02-04T07:09:54.4111041Z [1m[92m  Downloaded[0m zmij v1.0.19
build-windows	Build App	2026-02-04T07:09:54.4437612Z [1m[92m  Downloaded[0m uuid v1.20.0
build-windows	Build App	2026-02-04T07:09:54.4889864Z [1m[92m  Downloaded[0m tower-http v0.6.8
build-windows	Build App	2026-02-04T07:09:54.6220224Z [1m[92m  Downloaded[0m zerovec-derive v0.11.2
build-windows	Build App	2026-02-04T07:09:54.6473130Z [1m[92m  Downloaded[0m want v0.3.1
build-windows	Build App	2026-02-04T07:09:54.6574380Z [1m[92m  Downloaded[0m tokio v1.49.0
build-windows	Build App	2026-02-04T07:09:55.3394876Z [1m[92m  Downloaded[0m unicode-segmentation v1.12.0
build-windows	Build App	2026-02-04T07:09:55.3646505Z [1m[92m  Downloaded[0m tracing v0.1.44
build-windows	Build App	2026-02-04T07:09:56.4894918Z [1m[92m  Downloaded[0m regex-automata v0.4.13
build-windows	Build App	2026-02-04T07:09:56.6185411Z [1m[92m  Downloaded[0m vswhom-sys v0.1.3
build-windows	Build App	2026-02-04T07:09:56.6413427Z [1m[92m  Downloaded[0m urlpattern v0.3.0
build-windows	Build App	2026-02-04T07:09:56.6923181Z [1m[92m  Downloaded[0m winnow v0.7.14
build-windows	Build App	2026-02-04T07:09:57.1180839Z [1m[92m  Downloaded[0m typenum v1.19.0
build-windows	Build App	2026-02-04T07:09:57.2235042Z [1m[92m  Downloaded[0m regex-syntax v0.8.8
build-windows	Build App	2026-02-04T07:09:57.4514540Z [1m[92m  Downloaded[0m windows-core v0.61.2
build-windows	Build App	2026-02-04T07:09:57.8303397Z [1m[92m  Downloaded[0m zerotrie v0.2.3
build-windows	Build App	2026-02-04T07:09:57.9438977Z [1m[92m  Downloaded[0m window-vibrancy v0.6.0
build-windows	Build App	2026-02-04T07:09:58.1216053Z [1m[92m  Downloaded[0m url v2.5.8
build-windows	Build App	2026-02-04T07:09:58.2226092Z [1m[92m  Downloaded[0m libc v0.2.180
build-windows	Build App	2026-02-04T07:09:59.5970406Z [1m[92m  Downloaded[0m windows-core v0.56.0
build-windows	Build App	2026-02-04T07:09:59.7029073Z [1m[92m  Downloaded[0m windows-collections v0.2.0
build-windows	Build App	2026-02-04T07:09:59.7701460Z [1m[92m  Downloaded[0m webview2-com-macros v0.8.1
build-windows	Build App	2026-02-04T07:09:59.8134692Z [1m[92m  Downloaded[0m tower v0.5.3
build-windows	Build App	2026-02-04T07:10:00.0722997Z [1m[92m  Downloaded[0m tokio-util v0.7.18
build-windows	Build App	2026-02-04T07:10:00.1656847Z [1m[92m  Downloaded[0m ring v0.17.14
build-windows	Build App	2026-02-04T07:10:01.1141300Z [1m[92m  Downloaded[0m tauri v2.10.1
build-windows	Build App	2026-02-04T07:10:01.2793157Z [1m[92m  Downloaded[0m rustls v0.23.36
build-windows	Build App	2026-02-04T07:10:01.4039905Z [1m[92m  Downloaded[0m windows-version v0.1.7
build-windows	Build App	2026-02-04T07:10:01.4167631Z [1m[92m  Downloaded[0m windows-result v0.4.1
build-windows	Build App	2026-02-04T07:10:01.4330639Z [1m[92m  Downloaded[0m windows-interface v0.56.0
build-windows	Build App	2026-02-04T07:10:01.4410813Z [1m[92m  Downloaded[0m windows-implement v0.56.0
build-windows	Build App	2026-02-04T07:10:01.4510188Z [1m[92m  Downloaded[0m winapi-util v0.1.11
build-windows	Build App	2026-02-04T07:10:01.4682254Z [1m[92m  Downloaded[0m utf8_iter v1.0.4
build-windows	Build App	2026-02-04T07:10:01.4796807Z [1m[92m  Downloaded[0m zerovec v0.11.5
build-windows	Build App	2026-02-04T07:10:01.5445326Z [1m[92m  Downloaded[0m windows_x86_64_msvc v0.53.1
build-windows	Build App	2026-02-04T07:10:01.5668474Z [1m[92m  Downloaded[0m windows_x86_64_msvc v0.52.6
build-windows	Build App	2026-02-04T07:10:01.5921200Z [1m[92m  Downloaded[0m time v0.3.46
build-windows	Build App	2026-02-04T07:10:02.1409545Z [1m[92m  Downloaded[0m yoke-derive v0.8.1
build-windows	Build App	2026-02-04T07:10:02.1500225Z [1m[92m  Downloaded[0m webpki-roots v1.0.5
build-windows	Build App	2026-02-04T07:10:02.1634707Z [1m[92m  Downloaded[0m writeable v0.6.2
build-windows	Build App	2026-02-04T07:10:02.1810073Z [1m[92m  Downloaded[0m winreg v0.55.0
build-windows	Build App	2026-02-04T07:10:02.2190165Z [1m[92m  Downloaded[0m windows-threading v0.1.0
build-windows	Build App	2026-02-04T07:10:02.2306727Z [1m[92m  Downloaded[0m windows-targets v0.53.5
build-windows	Build App	2026-02-04T07:10:02.2413718Z [1m[92m  Downloaded[0m zerocopy v0.8.37
build-windows	Build App	2026-02-04T07:10:02.5209072Z [1m[92m  Downloaded[0m wry v0.54.1
build-windows	Build App	2026-02-04T07:10:02.5847059Z [1m[92m  Downloaded[0m windows-targets v0.52.6
build-windows	Build App	2026-02-04T07:10:02.5924549Z [1m[92m  Downloaded[0m windows-strings v0.5.1
build-windows	Build App	2026-02-04T07:10:02.6085049Z [1m[92m  Downloaded[0m windows-strings v0.4.2
build-windows	Build App	2026-02-04T07:10:02.6257408Z [1m[92m  Downloaded[0m windows-result v0.3.4
build-windows	Build App	2026-02-04T07:10:02.6402719Z [1m[92m  Downloaded[0m windows-result v0.1.2
build-windows	Build App	2026-02-04T07:10:02.6511048Z [1m[92m  Downloaded[0m windows-registry v0.6.1
build-windows	Build App	2026-02-04T07:10:02.6671993Z [1m[92m  Downloaded[0m windows-numerics v0.2.0
build-windows	Build App	2026-02-04T07:10:02.6811716Z [1m[92m  Downloaded[0m windows-link v0.2.1
build-windows	Build App	2026-02-04T07:10:02.6890390Z [1m[92m  Downloaded[0m windows-link v0.1.3
build-windows	Build App	2026-02-04T07:10:02.7022158Z [1m[92m  Downloaded[0m windows-interface v0.59.3
build-windows	Build App	2026-02-04T07:10:02.7107089Z [1m[92m  Downloaded[0m walkdir v2.5.0
build-windows	Build App	2026-02-04T07:10:02.7265744Z [1m[92m  Downloaded[0m vswhom v0.1.0
build-windows	Build App	2026-02-04T07:10:02.7370924Z [1m[92m  Downloaded[0m tao v0.34.5
build-windows	Build App	2026-02-04T07:10:02.8291667Z [1m[92m  Downloaded[0m syn v2.0.114
build-windows	Build App	2026-02-04T07:10:02.9127540Z [1m[92m  Downloaded[0m syn v1.0.109
build-windows	Build App	2026-02-04T07:10:02.9878251Z [1m[92m  Downloaded[0m serde_with v3.16.1
build-windows	Build App	2026-02-04T07:10:03.1315615Z [1m[92m  Downloaded[0m quinn-proto v0.11.13
build-windows	Build App	2026-02-04T07:10:03.2403965Z [1m[92m  Downloaded[0m zerofrom-derive v0.1.6
build-windows	Build App	2026-02-04T07:10:03.7480390Z [1m[92m  Downloaded[0m windows-implement v0.60.2
build-windows	Build App	2026-02-04T07:10:03.7572850Z [1m[92m  Downloaded[0m winapi v0.3.9
build-windows	Build App	2026-02-04T07:10:04.0423648Z [1m[92m  Downloaded[0m windows-future v0.2.1
build-windows	Build App	2026-02-04T07:10:04.0564629Z [1m[92m  Downloaded[0m windows-core v0.54.0
build-windows	Build App	2026-02-04T07:10:04.0904069Z [1m[92m  Downloaded[0m webview2-com v0.38.2
build-windows	Build App	2026-02-04T07:10:04.1027873Z [1m[92m  Downloaded[0m version_check v0.9.5
build-windows	Build App	2026-02-04T07:10:04.1145140Z [1m[92m  Downloaded[0m untrusted v0.9.0
build-windows	Build App	2026-02-04T07:10:04.1286809Z [1m[92m  Downloaded[0m toml_writer v1.0.6+spec-1.1.0
build-windows	Build App	2026-02-04T07:10:04.1393788Z [1m[92m  Downloaded[0m toml_parser v1.0.6+spec-1.1.0
build-windows	Build App	2026-02-04T07:10:04.1626598Z [1m[92m  Downloaded[0m toml v0.9.11+spec-1.1.0
build-windows	Build App	2026-02-04T07:10:04.1994480Z [1m[92m  Downloaded[0m tauri-utils v2.8.2
build-windows	Build App	2026-02-04T07:10:04.2312504Z [1m[92m  Downloaded[0m tauri-plugin-http v2.5.6
build-windows	Build App	2026-02-04T07:10:04.2544179Z [1m[92m  Downloaded[0m tauri-plugin-global-shortcut v2.3.1
build-windows	Build App	2026-02-04T07:10:04.2793140Z [1m[92m  Downloaded[0m tauri-plugin-fs v2.4.5
build-windows	Build App	2026-02-04T07:10:04.3594605Z [1m[92m  Downloaded[0m serde_json v1.0.149
build-windows	Build App	2026-02-04T07:10:04.4295573Z [1m[92m  Downloaded[0m reqwest v0.12.28
build-windows	Build App	2026-02-04T07:10:04.4698922Z [1m[92m  Downloaded[0m regex v1.12.2
build-windows	Build App	2026-02-04T07:10:04.5299103Z [1m[92m  Downloaded[0m iri-string v0.7.10
build-windows	Build App	2026-02-04T07:10:05.3569630Z [1m[92m  Downloaded[0m unicode-ident v1.0.22
build-windows	Build App	2026-02-04T07:10:05.3834689Z [1m[92m  Downloaded[0m unic-ucd-version v0.9.0
build-windows	Build App	2026-02-04T07:10:05.3922901Z [1m[92m  Downloaded[0m unic-ucd-ident v0.9.0
build-windows	Build App	2026-02-04T07:10:05.4084658Z [1m[92m  Downloaded[0m unic-common v0.9.0
build-windows	Build App	2026-02-04T07:10:05.4159362Z [1m[92m  Downloaded[0m unic-char-range v0.9.0
build-windows	Build App	2026-02-04T07:10:05.4304169Z [1m[92m  Downloaded[0m unic-char-property v0.9.0
build-windows	Build App	2026-02-04T07:10:05.4519267Z [1m[92m  Downloaded[0m typeid v1.0.3
build-windows	Build App	2026-02-04T07:10:05.4639081Z [1m[92m  Downloaded[0m try-lock v0.2.5
build-windows	Build App	2026-02-04T07:10:05.4723385Z [1m[92m  Downloaded[0m tray-icon v0.21.3
build-windows	Build App	2026-02-04T07:10:05.4913324Z [1m[92m  Downloaded[0m tracing-core v0.1.36
build-windows	Build App	2026-02-04T07:10:05.5153459Z [1m[92m  Downloaded[0m tracing-attributes v0.1.31
build-windows	Build App	2026-02-04T07:10:05.5398925Z [1m[92m  Downloaded[0m tower-service v0.3.3
build-windows	Build App	2026-02-04T07:10:05.5474293Z [1m[92m  Downloaded[0m tower-layer v0.3.3
build-windows	Build App	2026-02-04T07:10:05.5566434Z [1m[92m  Downloaded[0m toml_datetime v0.7.5+spec-1.1.0
build-windows	Build App	2026-02-04T07:10:05.5664230Z [1m[92m  Downloaded[0m tokio-rustls v0.26.4
build-windows	Build App	2026-02-04T07:10:05.5822381Z [1m[92m  Downloaded[0m tokio-macros v2.6.0
build-windows	Build App	2026-02-04T07:10:05.5911869Z [1m[92m  Downloaded[0m tinyvec_macros v0.1.1
build-windows	Build App	2026-02-04T07:10:05.5991164Z [1m[92m  Downloaded[0m tinyvec v1.10.0
build-windows	Build App	2026-02-04T07:10:05.6233716Z [1m[92m  Downloaded[0m tinystr v0.8.2
build-windows	Build App	2026-02-04T07:10:05.6414190Z [1m[92m  Downloaded[0m time-macros v0.2.26
build-windows	Build App	2026-02-04T07:10:05.6658075Z [1m[92m  Downloaded[0m time-core v0.1.8
build-windows	Build App	2026-02-04T07:10:05.6768361Z [1m[92m  Downloaded[0m windows-sys v0.60.2
build-windows	Build App	2026-02-04T07:10:06.5212542Z [1m[92m  Downloaded[0m tauri-runtime-wry v2.10.0
build-windows	Build App	2026-02-04T07:10:06.5424080Z [1m[92m  Downloaded[0m tauri-plugin-opener v2.5.3
build-windows	Build App	2026-02-04T07:10:06.5882956Z [1m[92m  Downloaded[0m schemars v1.2.1
build-windows	Build App	2026-02-04T07:10:06.8045016Z [1m[92m  Downloaded[0m rand v0.9.2
build-windows	Build App	2026-02-04T07:10:06.8374490Z [1m[92m  Downloaded[0m rand v0.7.3
build-windows	Build App	2026-02-04T07:10:06.8830974Z [1m[92m  Downloaded[0m png v0.17.16
build-windows	Build App	2026-02-04T07:10:06.9146316Z [1m[92m  Downloaded[0m muda v0.17.1
build-windows	Build App	2026-02-04T07:10:06.9642802Z [1m[92m  Downloaded[0m mio v1.1.1
build-windows	Build App	2026-02-04T07:10:07.0176572Z [1m[92m  Downloaded[0m memchr v2.7.6
build-windows	Build App	2026-02-04T07:10:07.0615888Z [1m[92m  Downloaded[0m indexmap v2.13.0
build-windows	Build App	2026-02-04T07:10:07.0965680Z [1m[92m  Downloaded[0m idna v1.1.0
build-windows	Build App	2026-02-04T07:10:07.1165854Z [1m[92m  Downloaded[0m encoding_rs v0.8.35
build-windows	Build App	2026-02-04T07:10:07.2067683Z [1m[92m  Downloaded[0m thiserror-impl v2.0.18
build-windows	Build App	2026-02-04T07:10:07.2212395Z [1m[92m  Downloaded[0m thiserror-impl v1.0.69
build-windows	Build App	2026-02-04T07:10:07.2346764Z [1m[92m  Downloaded[0m thiserror v2.0.18
build-windows	Build App	2026-02-04T07:10:07.9807607Z [1m[92m  Downloaded[0m thiserror v1.0.69
build-windows	Build App	2026-02-04T07:10:08.0592581Z [1m[92m  Downloaded[0m tendril v0.4.3
build-windows	Build App	2026-02-04T07:10:08.0760913Z [1m[92m  Downloaded[0m tauri-winres v0.3.5
build-windows	Build App	2026-02-04T07:10:08.0943421Z [1m[92m  Downloaded[0m tauri-runtime v2.10.0
build-windows	Build App	2026-02-04T07:10:08.1057949Z [1m[92m  Downloaded[0m tauri-plugin v2.5.3
build-windows	Build App	2026-02-04T07:10:08.1149564Z [1m[92m  Downloaded[0m tauri-macros v2.5.3
build-windows	Build App	2026-02-04T07:10:08.1271387Z [1m[92m  Downloaded[0m tauri-codegen v2.5.3
build-windows	Build App	2026-02-04T07:10:08.1385419Z [1m[92m  Downloaded[0m tauri-build v2.5.4
build-windows	Build App	2026-02-04T07:10:08.1530199Z [1m[92m  Downloaded[0m softbuffer v0.4.8
build-windows	Build App	2026-02-04T07:10:08.1836428Z [1m[92m  Downloaded[0m socket2 v0.6.2
build-windows	Build App	2026-02-04T07:10:08.1961190Z [1m[92m  Downloaded[0m windows-sys v0.61.2
build-windows	Build App	2026-02-04T07:10:09.4828946Z [1m[92m  Downloaded[0m smallvec v1.15.1
build-windows	Build App	2026-02-04T07:10:09.5008807Z [1m[92m  Downloaded[0m serde_with_macros v3.16.1
build-windows	Build App	2026-02-04T07:10:09.5197534Z [1m[92m  Downloaded[0m schemars v0.9.0
build-windows	Build App	2026-02-04T07:10:09.6741583Z [1m[92m  Downloaded[0m schemars v0.8.22
build-windows	Build App	2026-02-04T07:10:09.8273592Z [1m[92m  Downloaded[0m ryu v1.0.22
build-windows	Build App	2026-02-04T07:10:09.8597039Z [1m[92m  Downloaded[0m rustls-webpki v0.103.9
build-windows	Build App	2026-02-04T07:10:09.8875341Z [1m[92m  Downloaded[0m rand v0.8.5
build-windows	Build App	2026-02-04T07:10:09.9176657Z [1m[92m  Downloaded[0m quinn v0.11.9
build-windows	Build App	2026-02-04T07:10:09.9477915Z [1m[92m  Downloaded[0m publicsuffix v2.3.0
build-windows	Build App	2026-02-04T07:10:09.9632044Z [1m[92m  Downloaded[0m proc-macro2 v1.0.106
build-windows	Build App	2026-02-04T07:10:09.9919958Z [1m[92m  Downloaded[0m miniz_oxide v0.8.9
build-windows	Build App	2026-02-04T07:10:10.0111455Z [1m[92m  Downloaded[0m brotli v8.0.2
build-windows	Build App	2026-02-04T07:10:10.7268425Z [1m[92m  Downloaded[0m sync_wrapper v1.0.2
build-windows	Build App	2026-02-04T07:10:10.7345652Z [1m[92m  Downloaded[0m subtle v2.6.1
build-windows	Build App	2026-02-04T07:10:10.7444937Z [1m[92m  Downloaded[0m strsim v0.11.1
build-windows	Build App	2026-02-04T07:10:10.7563829Z [1m[92m  Downloaded[0m string_cache_codegen v0.5.4
build-windows	Build App	2026-02-04T07:10:10.7634202Z [1m[92m  Downloaded[0m string_cache v0.8.9
build-windows	Build App	2026-02-04T07:10:10.7792420Z [1m[92m  Downloaded[0m stable_deref_trait v1.2.1
build-windows	Build App	2026-02-04T07:10:10.7877289Z [1m[92m  Downloaded[0m slab v0.4.12
build-windows	Build App	2026-02-04T07:10:10.7985360Z [1m[92m  Downloaded[0m siphasher v1.0.2
build-windows	Build App	2026-02-04T07:10:10.8123761Z [1m[92m  Downloaded[0m siphasher v0.3.11
build-windows	Build App	2026-02-04T07:10:10.8230019Z [1m[92m  Downloaded[0m simd-adler32 v0.3.8
build-windows	Build App	2026-02-04T07:10:10.8436229Z [1m[92m  Downloaded[0m shlex v1.3.0
build-windows	Build App	2026-02-04T07:10:10.8542064Z [1m[92m  Downloaded[0m sha2 v0.10.9
build-windows	Build App	2026-02-04T07:10:10.8864654Z [1m[92m  Downloaded[0m servo_arc v0.2.0
build-windows	Build App	2026-02-04T07:10:10.8934544Z [1m[92m  Downloaded[0m serialize-to-javascript-impl v0.1.2
build-windows	Build App	2026-02-04T07:10:10.9007000Z [1m[92m  Downloaded[0m serialize-to-javascript v0.1.2
build-windows	Build App	2026-02-04T07:10:10.9108531Z [1m[92m  Downloaded[0m serde_urlencoded v0.7.1
build-windows	Build App	2026-02-04T07:10:10.9249198Z [1m[92m  Downloaded[0m serde_spanned v1.0.4
build-windows	Build App	2026-02-04T07:10:10.9367542Z [1m[92m  Downloaded[0m serde v1.0.228
build-windows	Build App	2026-02-04T07:10:10.9641970Z [1m[92m  Downloaded[0m parking_lot v0.12.5
build-windows	Build App	2026-02-04T07:10:10.9854522Z [1m[92m  Downloaded[0m num-traits v0.2.19
build-windows	Build App	2026-02-04T07:10:11.0094822Z [1m[92m  Downloaded[0m log v0.4.29
build-windows	Build App	2026-02-04T07:10:11.0269208Z [1m[92m  Downloaded[0m litemap v0.8.1
build-windows	Build App	2026-02-04T07:10:11.0547596Z [1m[92m  Downloaded[0m icu_properties_data v2.1.2
build-windows	Build App	2026-02-04T07:10:11.1562643Z [1m[92m  Downloaded[0m hyper-util v0.1.20
build-windows	Build App	2026-02-04T07:10:11.2003338Z [1m[92m  Downloaded[0m hyper v1.8.1
build-windows	Build App	2026-02-04T07:10:11.2553609Z [1m[92m  Downloaded[0m http v1.4.0
build-windows	Build App	2026-02-04T07:10:11.2865506Z [1m[92m  Downloaded[0m hashbrown v0.16.1
build-windows	Build App	2026-02-04T07:10:11.3214907Z [1m[92m  Downloaded[0m hashbrown v0.12.3
build-windows	Build App	2026-02-04T07:10:11.3488579Z [1m[92m  Downloaded[0m windows-sys v0.59.0
build-windows	Build App	2026-02-04T07:10:12.3957001Z [1m[92m  Downloaded[0m h2 v0.4.13
build-windows	Build App	2026-02-04T07:10:12.4576262Z [1m[92m  Downloaded[0m futures-util v0.3.31
build-windows	Build App	2026-02-04T07:10:12.5923750Z [1m[92m  Downloaded[0m flate2 v1.1.9
build-windows	Build App	2026-02-04T07:10:12.6432044Z [1m[92m  Downloaded[0m chrono v0.4.43
build-windows	Build App	2026-02-04T07:10:12.6884095Z [1m[92m  Downloaded[0m cc v1.2.55
build-windows	Build App	2026-02-04T07:10:12.7117217Z [1m[92m  Downloaded[0m brotli-decompressor v5.0.0
build-windows	Build App	2026-02-04T07:10:12.7437352Z [1m[92m  Downloaded[0m aho-corasick v1.1.4
build-windows	Build App	2026-02-04T07:10:12.7847693Z [1m[92m  Downloaded[0m serde_derive_internals v0.29.1
build-windows	Build App	2026-02-04T07:10:12.7984994Z [1m[92m  Downloaded[0m serde_derive v1.0.228
build-windows	Build App	2026-02-04T07:10:12.8273786Z [1m[92m  Downloaded[0m serde_core v1.0.228
build-windows	Build App	2026-02-04T07:10:12.8532560Z [1m[92m  Downloaded[0m serde-untagged v0.1.9
build-windows	Build App	2026-02-04T07:10:12.9055829Z [1m[92m  Downloaded[0m semver v1.0.27
build-windows	Build App	2026-02-04T07:10:13.5160508Z [1m[92m  Downloaded[0m selectors v0.24.0
build-windows	Build App	2026-02-04T07:10:13.5324328Z [1m[92m  Downloaded[0m schemars_derive v0.8.22
build-windows	Build App	2026-02-04T07:10:13.5507840Z [1m[92m  Downloaded[0m rustls-pki-types v1.14.0
build-windows	Build App	2026-02-04T07:10:13.5810375Z [1m[92m  Downloaded[0m rand_core v0.9.5
build-windows	Build App	2026-02-04T07:10:13.5965910Z [1m[92m  Downloaded[0m rand_core v0.5.1
build-windows	Build App	2026-02-04T07:10:13.6090913Z [1m[92m  Downloaded[0m quote v1.0.44
build-windows	Build App	2026-02-04T07:10:13.6367662Z [1m[92m  Downloaded[0m quinn-udp v0.5.14
build-windows	Build App	2026-02-04T07:10:13.6527234Z [1m[92m  Downloaded[0m ppv-lite86 v0.2.21
build-windows	Build App	2026-02-04T07:10:13.6689338Z [1m[92m  Downloaded[0m phf_macros v0.11.3
build-windows	Build App	2026-02-04T07:10:13.6906519Z [1m[92m  Downloaded[0m phf v0.11.3
build-windows	Build App	2026-02-04T07:10:13.7053636Z [1m[92m  Downloaded[0m parking_lot_core v0.9.12
build-windows	Build App	2026-02-04T07:10:13.7275782Z [1m[92m  Downloaded[0m once_cell v1.21.3
build-windows	Build App	2026-02-04T07:10:13.7566410Z [1m[92m  Downloaded[0m mime_guess v2.0.5
build-windows	Build App	2026-02-04T07:10:13.7749217Z [1m[92m  Downloaded[0m markup5ever v0.14.1
build-windows	Build App	2026-02-04T07:10:13.7910616Z [1m[92m  Downloaded[0m lock_api v0.4.14
build-windows	Build App	2026-02-04T07:10:13.8045530Z [1m[92m  Downloaded[0m kuchikiki v0.8.8-speedreader
build-windows	Build App	2026-02-04T07:10:13.8306263Z [1m[92m  Downloaded[0m json-patch v3.0.1
build-windows	Build App	2026-02-04T07:10:13.8748227Z [1m[92m  Downloaded[0m jobserver v0.1.34
build-windows	Build App	2026-02-04T07:10:13.9082207Z [1m[92m  Downloaded[0m icu_properties v2.1.2
build-windows	Build App	2026-02-04T07:10:13.9293515Z [1m[92m  Downloaded[0m icu_normalizer_data v2.1.1
build-windows	Build App	2026-02-04T07:10:13.9448562Z [1m[92m  Downloaded[0m icu_normalizer v2.1.1
build-windows	Build App	2026-02-04T07:10:13.9795400Z [1m[92m  Downloaded[0m icu_locale_core v2.1.1
build-windows	Build App	2026-02-04T07:10:14.0630221Z [1m[92m  Downloaded[0m icu_collections v2.1.1
build-windows	Build App	2026-02-04T07:10:14.1339953Z [1m[92m  Downloaded[0m ico v0.5.0
build-windows	Build App	2026-02-04T07:10:14.1624763Z [1m[92m  Downloaded[0m html5ever v0.29.1
build-windows	Build App	2026-02-04T07:10:14.1967804Z [1m[92m  Downloaded[0m hound v3.5.1
build-windows	Build App	2026-02-04T07:10:15.0257128Z [1m[92m  Downloaded[0m global-hotkey v0.7.0
build-windows	Build App	2026-02-04T07:10:15.1742695Z [1m[92m  Downloaded[0m getrandom v0.3.4
build-windows	Build App	2026-02-04T07:10:15.2071600Z [1m[92m  Downloaded[0m enigo v0.2.1
build-windows	Build App	2026-02-04T07:10:15.2299625Z [1m[92m  Downloaded[0m derive_more v0.99.20
build-windows	Build App	2026-02-04T07:10:15.2759912Z [1m[92m  Downloaded[0m darling_core v0.21.3
build-windows	Build App	2026-02-04T07:10:15.3390559Z [1m[92m  Downloaded[0m cssparser v0.29.6
build-windows	Build App	2026-02-04T07:10:15.3597336Z [1m[92m  Downloaded[0m crossbeam-channel v0.5.15
build-windows	Build App	2026-02-04T07:10:15.3938479Z [1m[92m  Downloaded[0m cookie_store v0.22.0
build-windows	Build App	2026-02-04T07:10:15.4132036Z [1m[92m  Downloaded[0m cookie_store v0.21.1
build-windows	Build App	2026-02-04T07:10:15.4316300Z [1m[92m  Downloaded[0m cfb v0.7.3
build-windows	Build App	2026-02-04T07:10:15.4680913Z [1m[92m  Downloaded[0m camino v1.2.2
build-windows	Build App	2026-02-04T07:10:15.4870405Z [1m[92m  Downloaded[0m bytes v1.11.0
build-windows	Build App	2026-02-04T07:10:15.5271290Z [1m[92m  Downloaded[0m bitflags v2.10.0
build-windows	Build App	2026-02-04T07:10:15.5698747Z [1m[92m  Downloaded[0m base64 v0.22.1
build-windows	Build App	2026-02-04T07:10:15.5998044Z [1m[92m  Downloaded[0m rustc_version v0.4.1
build-windows	Build App	2026-02-04T07:10:15.6114841Z [1m[92m  Downloaded[0m ref-cast-impl v1.0.25
build-windows	Build App	2026-02-04T07:10:15.6194396Z [1m[92m  Downloaded[0m raw-window-handle v0.6.2
build-windows	Build App	2026-02-04T07:10:15.6370570Z [1m[92m  Downloaded[0m rand_core v0.6.4
build-windows	Build App	2026-02-04T07:10:15.6514122Z [1m[92m  Downloaded[0m rand_chacha v0.9.0
build-windows	Build App	2026-02-04T07:10:16.0416124Z [1m[92m  Downloaded[0m psl-types v2.0.11
build-windows	Build App	2026-02-04T07:10:16.0507153Z [1m[92m  Downloaded[0m precomputed-hash v0.1.1
build-windows	Build App	2026-02-04T07:10:16.0570659Z [1m[92m  Downloaded[0m powerfmt v0.2.0
build-windows	Build App	2026-02-04T07:10:16.0711834Z [1m[92m  Downloaded[0m pin-project-lite v0.2.16
build-windows	Build App	2026-02-04T07:10:16.1439401Z [1m[92m  Downloaded[0m phf_shared v0.11.3
build-windows	Build App	2026-02-04T07:10:16.1519465Z [1m[92m  Downloaded[0m phf_shared v0.8.0
build-windows	Build App	2026-02-04T07:10:16.1602631Z [1m[92m  Downloaded[0m phf_generator v0.11.3
build-windows	Build App	2026-02-04T07:10:16.1705401Z [1m[92m  Downloaded[0m phf_generator v0.10.0
build-windows	Build App	2026-02-04T07:10:16.1791346Z [1m[92m  Downloaded[0m phf_generator v0.8.0
build-windows	Build App	2026-02-04T07:10:16.1880268Z [1m[92m  Downloaded[0m phf_codegen v0.8.0
build-windows	Build App	2026-02-04T07:10:16.1939434Z [1m[92m  Downloaded[0m phf v0.10.1
build-windows	Build App	2026-02-04T07:10:16.2040404Z [1m[92m  Downloaded[0m phf v0.8.0
build-windows	Build App	2026-02-04T07:10:16.2136548Z [1m[92m  Downloaded[0m option-ext v0.2.0
build-windows	Build App	2026-02-04T07:10:16.2218537Z [1m[92m  Downloaded[0m open v5.3.3
build-windows	Build App	2026-02-04T07:10:16.2359858Z [1m[92m  Downloaded[0m num-conv v0.2.0
build-windows	Build App	2026-02-04T07:10:16.2440011Z [1m[92m  Downloaded[0m nodrop v0.1.14
build-windows	Build App	2026-02-04T07:10:16.2556394Z [1m[92m  Downloaded[0m new_debug_unreachable v1.0.6
build-windows	Build App	2026-02-04T07:10:16.2662491Z [1m[92m  Downloaded[0m mime v0.3.17
build-windows	Build App	2026-02-04T07:10:16.2777849Z [1m[92m  Downloaded[0m matches v0.1.10
build-windows	Build App	2026-02-04T07:10:16.2856315Z [1m[92m  Downloaded[0m match_token v0.1.0
build-windows	Build App	2026-02-04T07:10:16.2938338Z [1m[92m  Downloaded[0m mac v0.1.1
build-windows	Build App	2026-02-04T07:10:16.3051497Z [1m[92m  Downloaded[0m lru-slab v0.1.2
build-windows	Build App	2026-02-04T07:10:16.3132048Z [1m[92m  Downloaded[0m itoa v1.0.17
build-windows	Build App	2026-02-04T07:10:16.3255952Z [1m[92m  Downloaded[0m ident_case v1.0.1
build-windows	Build App	2026-02-04T07:10:16.3340326Z [1m[92m  Downloaded[0m hyper-rustls v0.27.7
build-windows	Build App	2026-02-04T07:10:16.3570642Z [1m[92m  Downloaded[0m httparse v1.10.1
build-windows	Build App	2026-02-04T07:10:16.3756469Z [1m[92m  Downloaded[0m http-body-util v0.1.3
build-windows	Build App	2026-02-04T07:10:16.3986285Z [1m[92m  Downloaded[0m glob v0.3.3
build-windows	Build App	2026-02-04T07:10:16.4116984Z [1m[92m  Downloaded[0m getrandom v0.2.17
build-windows	Build App	2026-02-04T07:10:16.4397930Z [1m[92m  Downloaded[0m getrandom v0.1.16
build-windows	Build App	2026-02-04T07:10:16.4620771Z [1m[92m  Downloaded[0m futures-task v0.3.31
build-windows	Build App	2026-02-04T07:10:16.4853159Z [1m[92m  Downloaded[0m futures-io v0.3.31
build-windows	Build App	2026-02-04T07:10:16.4942216Z [1m[92m  Downloaded[0m futures-core v0.3.31
build-windows	Build App	2026-02-04T07:10:16.5055246Z [1m[92m  Downloaded[0m futures-channel v0.3.31
build-windows	Build App	2026-02-04T07:10:16.5227788Z [1m[92m  Downloaded[0m fnv v1.0.7
build-windows	Build App	2026-02-04T07:10:16.5309328Z [1m[92m  Downloaded[0m find-msvc-tools v0.1.9
build-windows	Build App	2026-02-04T07:10:16.5463588Z [1m[92m  Downloaded[0m fdeflate v0.3.7
build-windows	Build App	2026-02-04T07:10:16.5659929Z [1m[92m  Downloaded[0m erased-serde v0.4.9
build-windows	Build App	2026-02-04T07:10:16.5916540Z [1m[92m  Downloaded[0m equivalent v1.0.2
build-windows	Build App	2026-02-04T07:10:16.6015484Z [1m[92m  Downloaded[0m embed-resource v3.0.6
build-windows	Build App	2026-02-04T07:10:16.6199972Z [1m[92m  Downloaded[0m dtoa v1.0.11
build-windows	Build App	2026-02-04T07:10:16.6326003Z [1m[92m  Downloaded[0m dpi v0.1.2
build-windows	Build App	2026-02-04T07:10:16.6415398Z [1m[92m  Downloaded[0m document-features v0.2.12
build-windows	Build App	2026-02-04T07:10:16.6527869Z [1m[92m  Downloaded[0m displaydoc v0.2.5
build-windows	Build App	2026-02-04T07:10:16.6840636Z [1m[92m  Downloaded[0m digest v0.10.7
build-windows	Build App	2026-02-04T07:10:16.7023183Z [1m[92m  Downloaded[0m deranged v0.5.5
build-windows	Build App	2026-02-04T07:10:16.7120865Z [1m[92m  Downloaded[0m data-url v0.3.2
build-windows	Build App	2026-02-04T07:10:16.7268079Z [1m[92m  Downloaded[0m dasp_sample v0.11.0
build-windows	Build App	2026-02-04T07:10:16.7391484Z [1m[92m  Downloaded[0m darling v0.21.3
build-windows	Build App	2026-02-04T07:10:16.8021615Z [1m[92m  Downloaded[0m cfg_aliases v0.2.1
build-windows	Build App	2026-02-04T07:10:16.8154738Z [1m[92m  Downloaded[0m block-buffer v0.10.4
build-windows	Build App	2026-02-04T07:10:16.8252167Z [1m[92m  Downloaded[0m bitflags v1.3.2
build-windows	Build App	2026-02-04T07:10:16.8611530Z [1m[92m  Downloaded[0m autocfg v1.5.0
build-windows	Build App	2026-02-04T07:10:16.8798378Z [1m[92m  Downloaded[0m alloc-stdlib v0.2.2
build-windows	Build App	2026-02-04T07:10:16.8924976Z [1m[92m  Downloaded[0m alloc-no-stdlib v2.0.4
build-windows	Build App	2026-02-04T07:10:16.9099830Z [1m[92m  Downloaded[0m rustc-hash v2.1.1
build-windows	Build App	2026-02-04T07:10:16.9248570Z [1m[92m  Downloaded[0m ref-cast v1.0.25
build-windows	Build App	2026-02-04T07:10:16.9580711Z [1m[92m  Downloaded[0m rand_pcg v0.2.1
build-windows	Build App	2026-02-04T07:10:16.9694225Z [1m[92m  Downloaded[0m rand_chacha v0.3.1
build-windows	Build App	2026-02-04T07:10:16.9794624Z [1m[92m  Downloaded[0m rand_chacha v0.2.2
build-windows	Build App	2026-02-04T07:10:16.9916634Z [1m[92m  Downloaded[0m proc-macro-hack v0.5.20+deprecated
build-windows	Build App	2026-02-04T07:10:17.0641714Z [1m[92m  Downloaded[0m potential_utf v0.1.4
build-windows	Build App	2026-02-04T07:10:17.5818586Z [1m[92m  Downloaded[0m pin-utils v0.1.0
build-windows	Build App	2026-02-04T07:10:17.6309985Z [1m[92m  Downloaded[0m phf_shared v0.10.0
build-windows	Build App	2026-02-04T07:10:17.6373980Z [1m[92m  Downloaded[0m phf_macros v0.10.0
build-windows	Build App	2026-02-04T07:10:17.6435117Z [1m[92m  Downloaded[0m phf_codegen v0.11.3
build-windows	Build App	2026-02-04T07:10:17.6522237Z [1m[92m  Downloaded[0m percent-encoding v2.3.2
build-windows	Build App	2026-02-04T07:10:17.6613900Z [1m[92m  Downloaded[0m machine-uid v0.5.4
build-windows	Build App	2026-02-04T07:10:17.6738922Z [1m[92m  Downloaded[0m jsonptr v0.6.3
build-windows	Build App	2026-02-04T07:10:17.7060131Z [1m[92m  Downloaded[0m ipnet v2.11.0
build-windows	Build App	2026-02-04T07:10:17.7212615Z [1m[92m  Downloaded[0m infer v0.19.0
build-windows	Build App	2026-02-04T07:10:17.7414732Z [1m[92m  Downloaded[0m indexmap v1.9.3
build-windows	Build App	2026-02-04T07:10:17.7672045Z [1m[92m  Downloaded[0m idna_adapter v1.2.1
build-windows	Build App	2026-02-04T07:10:17.7758810Z [1m[92m  Downloaded[0m icu_provider v2.1.1
build-windows	Build App	2026-02-04T07:10:17.7966247Z [1m[92m  Downloaded[0m http-body v1.0.1
build-windows	Build App	2026-02-04T07:10:17.8061623Z [1m[92m  Downloaded[0m hex v0.4.3
build-windows	Build App	2026-02-04T07:10:17.8222408Z [1m[92m  Downloaded[0m heck v0.5.0
build-windows	Build App	2026-02-04T07:10:17.8366009Z [1m[92m  Downloaded[0m generic-array v0.14.7
build-windows	Build App	2026-02-04T07:10:17.8505501Z [1m[92m  Downloaded[0m fxhash v0.2.1
build-windows	Build App	2026-02-04T07:10:17.8577389Z [1m[92m  Downloaded[0m futures-sink v0.3.31
build-windows	Build App	2026-02-04T07:10:17.8688085Z [1m[92m  Downloaded[0m futures-macro v0.3.31
build-windows	Build App	2026-02-04T07:10:17.8786804Z [1m[92m  Downloaded[0m futf v0.1.5
build-windows	Build App	2026-02-04T07:10:17.8881760Z [1m[92m  Downloaded[0m webview2-com-sys v0.38.2
build-windows	Build App	2026-02-04T07:10:17.9979859Z [1m[92m  Downloaded[0m form_urlencoded v1.2.2
build-windows	Build App	2026-02-04T07:10:18.0076392Z [1m[92m  Downloaded[0m dyn-clone v1.0.20
build-windows	Build App	2026-02-04T07:10:18.0220664Z [1m[92m  Downloaded[0m dunce v1.0.5
build-windows	Build App	2026-02-04T07:10:18.0304709Z [1m[92m  Downloaded[0m dtoa-short v0.3.5
build-windows	Build App	2026-02-04T07:10:18.0395963Z [1m[92m  Downloaded[0m dirs-sys v0.5.0
build-windows	Build App	2026-02-04T07:10:18.0515042Z [1m[92m  Downloaded[0m dirs v6.0.0
build-windows	Build App	2026-02-04T07:10:18.0631632Z [1m[92m  Downloaded[0m darling_macro v0.21.3
build-windows	Build App	2026-02-04T07:10:18.0704652Z [1m[92m  Downloaded[0m ctor v0.2.9
build-windows	Build App	2026-02-04T07:10:18.0818721Z [1m[92m  Downloaded[0m cssparser-macros v0.6.1
build-windows	Build App	2026-02-04T07:10:18.0882012Z [1m[92m  Downloaded[0m crypto-common v0.1.7
build-windows	Build App	2026-02-04T07:10:18.0968566Z [1m[92m  Downloaded[0m crc32fast v1.5.0
build-windows	Build App	2026-02-04T07:10:18.1111580Z [1m[92m  Downloaded[0m cpufeatures v0.2.17
build-windows	Build App	2026-02-04T07:10:18.1240385Z [1m[92m  Downloaded[0m convert_case v0.4.0
build-windows	Build App	2026-02-04T07:10:18.1360463Z [1m[92m  Downloaded[0m cargo-platform v0.1.9
build-windows	Build App	2026-02-04T07:10:18.1466650Z [1m[92m  Downloaded[0m atomic-waker v1.1.2
build-windows	Build App	2026-02-04T07:10:18.1582307Z [1m[92m  Downloaded[0m anyhow v1.0.100
build-windows	Build App	2026-02-04T07:10:18.1974403Z [1m[92m  Downloaded[0m adler2 v2.0.1
build-windows	Build App	2026-02-04T07:10:18.2086908Z [1m[92m  Downloaded[0m lazy_static v1.5.0
build-windows	Build App	2026-02-04T07:10:18.2264199Z [1m[92m  Downloaded[0m keyboard-types v0.7.0
build-windows	Build App	2026-02-04T07:10:18.2419563Z [1m[92m  Downloaded[0m crossbeam-utils v0.8.21
build-windows	Build App	2026-02-04T07:10:18.2716623Z [1m[92m  Downloaded[0m cookie v0.18.1
build-windows	Build App	2026-02-04T07:10:18.2916733Z [1m[92m  Downloaded[0m cfg-if v1.0.4
build-windows	Build App	2026-02-04T07:10:18.3064580Z [1m[92m  Downloaded[0m cargo_toml v0.22.3
build-windows	Build App	2026-02-04T07:10:18.3207075Z [1m[92m  Downloaded[0m cargo_metadata v0.19.2
build-windows	Build App	2026-02-04T07:10:18.3379901Z [1m[92m  Downloaded[0m byteorder v1.5.0
build-windows	Build App	2026-02-04T07:10:18.3698376Z [1m[92m  Downloaded[0m windows v0.61.3
build-windows	Build App	2026-02-04T07:10:20.9558128Z [1m[92m  Downloaded[0m windows v0.56.0
build-windows	Build App	2026-02-04T07:10:23.8850659Z [1m[92m  Downloaded[0m windows v0.54.0
build-windows	Build App	2026-02-04T07:10:27.2059640Z [1m[92m   Compiling[0m proc-macro2 v1.0.106
build-windows	Build App	2026-02-04T07:10:27.6156243Z [1m[92m   Compiling[0m quote v1.0.44
build-windows	Build App	2026-02-04T07:10:27.6157095Z [1m[92m   Compiling[0m unicode-ident v1.0.22
build-windows	Build App	2026-02-04T07:10:27.6157658Z [1m[92m   Compiling[0m cfg-if v1.0.4
build-windows	Build App	2026-02-04T07:10:32.5045777Z [1m[92m   Compiling[0m serde_core v1.0.228
build-windows	Build App	2026-02-04T07:10:35.0825014Z [1m[92m   Compiling[0m zerocopy v0.8.37
build-windows	Build App	2026-02-04T07:10:37.5523669Z [1m[92m   Compiling[0m icu_normalizer_data v2.1.1
build-windows	Build App	2026-02-04T07:10:37.7899223Z [1m[92m   Compiling[0m icu_properties_data v2.1.2
build-windows	Build App	2026-02-04T07:10:38.0397904Z [1m[92m   Compiling[0m getrandom v0.2.17
build-windows	Build App	2026-02-04T07:10:38.7389921Z [1m[92m   Compiling[0m parking_lot_core v0.9.12
build-windows	Build App	2026-02-04T07:10:38.9918739Z [1m[92m   Compiling[0m rand_core v0.6.4
build-windows	Build App	2026-02-04T07:10:39.3171816Z [1m[92m   Compiling[0m zmij v1.0.19
build-windows	Build App	2026-02-04T07:10:40.3641547Z [1m[92m   Compiling[0m syn v2.0.114
build-windows	Build App	2026-02-04T07:10:40.5817441Z [1m[92m   Compiling[0m stable_deref_trait v1.2.1
build-windows	Build App	2026-02-04T07:10:41.9092839Z [1m[92m   Compiling[0m thiserror v2.0.18
build-windows	Build App	2026-02-04T07:10:42.3661710Z [1m[92m   Compiling[0m siphasher v1.0.2
build-windows	Build App	2026-02-04T07:10:42.6086935Z [1m[92m   Compiling[0m phf_shared v0.11.3
build-windows	Build App	2026-02-04T07:10:42.8699822Z [1m[92m   Compiling[0m windows-link v0.2.1
build-windows	Build App	2026-02-04T07:10:43.0135828Z [1m[92m   Compiling[0m serde v1.0.228
build-windows	Build App	2026-02-04T07:10:43.4018430Z [1m[92m   Compiling[0m smallvec v1.15.1
build-windows	Build App	2026-02-04T07:10:43.6547234Z [1m[92m   Compiling[0m ppv-lite86 v0.2.21
build-windows	Build App	2026-02-04T07:10:43.6905678Z [1m[92m   Compiling[0m siphasher v0.3.11
build-windows	Build App	2026-02-04T07:10:43.9196833Z [1m[92m   Compiling[0m getrandom v0.1.16
build-windows	Build App	2026-02-04T07:10:44.2095542Z [1m[92m   Compiling[0m windows_x86_64_msvc v0.52.6
build-windows	Build App	2026-02-04T07:10:44.2980431Z [1m[92m   Compiling[0m rand_chacha v0.3.1
build-windows	Build App	2026-02-04T07:10:44.5097947Z [1m[92m   Compiling[0m fnv v1.0.7
build-windows	Build App	2026-02-04T07:10:44.5792293Z [1m[92m   Compiling[0m typeid v1.0.3
build-windows	Build App	2026-02-04T07:10:44.8475167Z [1m[92m   Compiling[0m rand v0.8.5
build-windows	Build App	2026-02-04T07:10:45.2078794Z [1m[92m   Compiling[0m rand_core v0.5.1
build-windows	Build App	2026-02-04T07:10:45.4102171Z [1m[92m   Compiling[0m synstructure v0.13.2
build-windows	Build App	2026-02-04T07:10:45.4372977Z [1m[92m   Compiling[0m itoa v1.0.17
build-windows	Build App	2026-02-04T07:10:45.6435444Z [1m[92m   Compiling[0m thiserror v1.0.69
build-windows	Build App	2026-02-04T07:10:45.9394402Z [1m[92m   Compiling[0m phf_generator v0.11.3
build-windows	Build App	2026-02-04T07:10:45.9902366Z [1m[92m   Compiling[0m erased-serde v0.4.9
build-windows	Build App	2026-02-04T07:10:46.2019353Z [1m[92m   Compiling[0m memchr v2.7.6
build-windows	Build App	2026-02-04T07:10:46.2947952Z [1m[92m   Compiling[0m syn v1.0.109
build-windows	Build App	2026-02-04T07:10:46.3706718Z [1m[92m   Compiling[0m ident_case v1.0.1
build-windows	Build App	2026-02-04T07:10:46.4734708Z [1m[92m   Compiling[0m litemap v0.8.1
build-windows	Build App	2026-02-04T07:10:46.6400103Z [1m[92m   Compiling[0m strsim v0.11.1
build-windows	Build App	2026-02-04T07:10:46.7432179Z [1m[92m   Compiling[0m writeable v0.6.2
build-windows	Build App	2026-02-04T07:10:46.9746385Z [1m[92m   Compiling[0m darling_core v0.21.3
build-windows	Build App	2026-02-04T07:10:47.1420785Z [1m[92m   Compiling[0m find-msvc-tools v0.1.9
build-windows	Build App	2026-02-04T07:10:47.2233402Z [1m[92m   Compiling[0m shlex v1.3.0
build-windows	Build App	2026-02-04T07:10:47.4386319Z [1m[92m   Compiling[0m autocfg v1.5.0
build-windows	Build App	2026-02-04T07:10:48.0184085Z [1m[92m   Compiling[0m getrandom v0.3.4
build-windows	Build App	2026-02-04T07:10:48.3887998Z [1m[92m   Compiling[0m cc v1.2.55
build-windows	Build App	2026-02-04T07:10:48.9054320Z [1m[92m   Compiling[0m zerofrom-derive v0.1.6
build-windows	Build App	2026-02-04T07:10:50.6235684Z [1m[92m   Compiling[0m yoke-derive v0.8.1
build-windows	Build App	2026-02-04T07:10:51.1873733Z [1m[92m   Compiling[0m serde_derive v1.0.228
build-windows	Build App	2026-02-04T07:10:51.7456340Z [1m[92m   Compiling[0m zerovec-derive v0.11.2
build-windows	Build App	2026-02-04T07:10:52.3669397Z [1m[92m   Compiling[0m displaydoc v0.2.5
build-windows	Build App	2026-02-04T07:10:53.2979446Z [1m[92m   Compiling[0m zerofrom v0.1.6
build-windows	Build App	2026-02-04T07:10:53.4588406Z [1m[92m   Compiling[0m yoke v0.8.1
build-windows	Build App	2026-02-04T07:10:53.5039871Z [1m[92m   Compiling[0m thiserror-impl v2.0.18
build-windows	Build App	2026-02-04T07:10:53.7046950Z [1m[92m   Compiling[0m zerovec v0.11.5
build-windows	Build App	2026-02-04T07:10:54.5453947Z [1m[92m   Compiling[0m tinystr v0.8.2
build-windows	Build App	2026-02-04T07:10:54.8029317Z [1m[92m   Compiling[0m icu_locale_core v2.1.1
build-windows	Build App	2026-02-04T07:10:55.6447354Z [1m[92m   Compiling[0m potential_utf v0.1.4
build-windows	Build App	2026-02-04T07:10:55.8108993Z [1m[92m   Compiling[0m zerotrie v0.2.3
build-windows	Build App	2026-02-04T07:10:56.2169947Z [1m[92m   Compiling[0m phf_macros v0.11.3
build-windows	Build App	2026-02-04T07:10:56.4245030Z [1m[92m   Compiling[0m icu_provider v2.1.1
build-windows	Build App	2026-02-04T07:10:56.8325424Z [1m[92m   Compiling[0m icu_collections v2.1.1
build-windows	Build App	2026-02-04T07:10:56.8359514Z [1m[92m   Compiling[0m darling_macro v0.21.3
build-windows	Build App	2026-02-04T07:10:57.1867293Z [1m[92m   Compiling[0m thiserror-impl v1.0.69
build-windows	Build App	2026-02-04T07:10:57.3465966Z [1m[92m   Compiling[0m rand_pcg v0.2.1
build-windows	Build App	2026-02-04T07:10:57.3882100Z [1m[92m   Compiling[0m rand_chacha v0.2.2
build-windows	Build App	2026-02-04T07:10:57.4747346Z [1m[92m   Compiling[0m phf_shared v0.8.0
build-windows	Build App	2026-02-04T07:10:57.6643271Z [1m[92m   Compiling[0m version_check v0.9.5
build-windows	Build App	2026-02-04T07:10:57.9177112Z [1m[92m   Compiling[0m anyhow v1.0.100
build-windows	Build App	2026-02-04T07:10:57.9926313Z [1m[92m   Compiling[0m proc-macro-hack v0.5.20+deprecated
build-windows	Build App	2026-02-04T07:10:58.0757989Z [1m[92m   Compiling[0m rand v0.7.3
build-windows	Build App	2026-02-04T07:10:58.3532571Z [1m[92m   Compiling[0m darling v0.21.3
build-windows	Build App	2026-02-04T07:10:58.4202772Z [1m[92m   Compiling[0m phf_shared v0.10.0
build-windows	Build App	2026-02-04T07:10:58.5841193Z [1m[92m   Compiling[0m new_debug_unreachable v1.0.6
build-windows	Build App	2026-02-04T07:10:58.6418658Z [1m[92m   Compiling[0m byteorder v1.5.0
build-windows	Build App	2026-02-04T07:10:58.6423174Z [1m[92m   Compiling[0m scopeguard v1.2.0
build-windows	Build App	2026-02-04T07:10:58.7256689Z [1m[92m   Compiling[0m serde_json v1.0.149
build-windows	Build App	2026-02-04T07:10:58.9622900Z [1m[92m   Compiling[0m lock_api v0.4.14
build-windows	Build App	2026-02-04T07:10:59.1644119Z [1m[92m   Compiling[0m phf_generator v0.8.0
build-windows	Build App	2026-02-04T07:10:59.2732857Z [1m[92m   Compiling[0m phf_generator v0.10.0
build-windows	Build App	2026-02-04T07:10:59.3240311Z [1m[92m   Compiling[0m icu_properties v2.1.2
build-windows	Build App	2026-02-04T07:10:59.3735388Z [1m[92m   Compiling[0m serde_with_macros v3.16.1
build-windows	Build App	2026-02-04T07:10:59.7988482Z [1m[92m   Compiling[0m icu_normalizer v2.1.1
build-windows	Build App	2026-02-04T07:11:00.6496376Z [1m[92m   Compiling[0m string_cache_codegen v0.5.4
build-windows	Build App	2026-02-04T07:11:00.6876256Z [1m[92m   Compiling[0m phf_codegen v0.11.3
build-windows	Build App	2026-02-04T07:11:00.8139237Z [1m[92m   Compiling[0m windows-sys v0.61.2
build-windows	Build App	2026-02-04T07:11:00.9929580Z [1m[92m   Compiling[0m precomputed-hash v0.1.1
build-windows	Build App	2026-02-04T07:11:01.0669059Z [1m[92m   Compiling[0m mac v0.1.1
build-windows	Build App	2026-02-04T07:11:01.1333676Z [1m[92m   Compiling[0m libc v0.2.180
build-windows	Build App	2026-02-04T07:11:01.6012176Z [1m[92m   Compiling[0m winnow v0.7.14
build-windows	Build App	2026-02-04T07:11:01.7951538Z [1m[92m   Compiling[0m markup5ever v0.14.1
build-windows	Build App	2026-02-04T07:11:01.8709215Z [1m[92m   Compiling[0m futf v0.1.5
build-windows	Build App	2026-02-04T07:11:01.9935120Z [1m[92m   Compiling[0m idna_adapter v1.2.1
build-windows	Build App	2026-02-04T07:11:02.2644341Z [1m[92m   Compiling[0m phf_macros v0.10.0
build-windows	Build App	2026-02-04T07:11:03.4783091Z [1m[92m   Compiling[0m parking_lot v0.12.5
build-windows	Build App	2026-02-04T07:11:04.0373976Z [1m[92m   Compiling[0m toml_parser v1.0.6+spec-1.1.0
build-windows	Build App	2026-02-04T07:11:04.1068359Z [1m[92m   Compiling[0m phf_codegen v0.8.0
build-windows	Build App	2026-02-04T07:11:04.1936016Z [1m[92m   Compiling[0m cssparser v0.29.6
build-windows	Build App	2026-02-04T07:11:04.6248711Z [1m[92m   Compiling[0m semver v1.0.27
build-windows	Build App	2026-02-04T07:11:05.0169135Z [1m[92m   Compiling[0m serde_spanned v1.0.4
build-windows	Build App	2026-02-04T07:11:05.0635956Z [1m[92m   Compiling[0m toml_datetime v0.7.5+spec-1.1.0
build-windows	Build App	2026-02-04T07:11:05.1535547Z [1m[92m   Compiling[0m percent-encoding v2.3.2
build-windows	Build App	2026-02-04T07:11:05.3591290Z [1m[92m   Compiling[0m dtoa v1.0.11
build-windows	Build App	2026-02-04T07:11:05.4299930Z [1m[92m   Compiling[0m utf-8 v0.7.6
build-windows	Build App	2026-02-04T07:11:05.5046673Z [1m[92m   Compiling[0m log v0.4.29
build-windows	Build App	2026-02-04T07:11:05.6008700Z [1m[92m   Compiling[0m utf8_iter v1.0.4
build-windows	Build App	2026-02-04T07:11:05.7121040Z [1m[92m   Compiling[0m bitflags v1.3.2
build-windows	Build App	2026-02-04T07:11:05.7424379Z [1m[92m   Compiling[0m toml_writer v1.0.6+spec-1.1.0
build-windows	Build App	2026-02-04T07:11:05.8257978Z [1m[92m   Compiling[0m idna v1.1.0
build-windows	Build App	2026-02-04T07:11:05.9934459Z [1m[92m   Compiling[0m toml v0.9.11+spec-1.1.0
build-windows	Build App	2026-02-04T07:11:06.7997083Z [1m[92m   Compiling[0m tendril v0.4.3
build-windows	Build App	2026-02-04T07:11:06.9182997Z [1m[92m   Compiling[0m dtoa-short v0.3.5
build-windows	Build App	2026-02-04T07:11:07.0430609Z [1m[92m   Compiling[0m form_urlencoded v1.2.2
build-windows	Build App	2026-02-04T07:11:07.1273341Z [1m[92m   Compiling[0m selectors v0.24.0
build-windows	Build App	2026-02-04T07:11:07.2243258Z [1m[92m   Compiling[0m string_cache v0.8.9
build-windows	Build App	2026-02-04T07:11:07.4752751Z [1m[92m   Compiling[0m phf v0.10.1
build-windows	Build App	2026-02-04T07:11:07.7030588Z [1m[92m   Compiling[0m uuid v1.20.0
build-windows	Build App	2026-02-04T07:11:08.2748774Z [1m[92m   Compiling[0m phf v0.11.3
build-windows	Build App	2026-02-04T07:11:08.2749472Z [1m[92m   Compiling[0m ctor v0.2.9
build-windows	Build App	2026-02-04T07:11:08.4554424Z [1m[92m   Compiling[0m cssparser-macros v0.6.1
build-windows	Build App	2026-02-04T07:11:09.0159758Z [1m[92m   Compiling[0m indexmap v1.9.3
build-windows	Build App	2026-02-04T07:11:09.0281662Z [1m[92m   Compiling[0m aho-corasick v1.1.4
build-windows	Build App	2026-02-04T07:11:09.2811139Z [1m[92m   Compiling[0m unic-common v0.9.0
build-windows	Build App	2026-02-04T07:11:09.2963514Z [1m[92m   Compiling[0m alloc-no-stdlib v2.0.4
build-windows	Build App	2026-02-04T07:11:09.3794676Z [1m[92m   Compiling[0m nodrop v0.1.14
build-windows	Build App	2026-02-04T07:11:09.4125162Z [1m[92m   Compiling[0m regex-syntax v0.8.8
build-windows	Build App	2026-02-04T07:11:09.4608820Z [1m[92m   Compiling[0m camino v1.2.2
build-windows	Build App	2026-02-04T07:11:09.8255112Z [1m[92m   Compiling[0m unic-char-range v0.9.0
build-windows	Build App	2026-02-04T07:11:09.9460765Z [1m[92m   Compiling[0m convert_case v0.4.0
build-windows	Build App	2026-02-04T07:11:10.4662346Z [1m[92m   Compiling[0m matches v0.1.10
build-windows	Build App	2026-02-04T07:11:11.6005726Z [1m[92m   Compiling[0m derive_more v0.99.20
build-windows	Build App	2026-02-04T07:11:12.0194896Z [1m[92m   Compiling[0m unic-char-property v0.9.0
build-windows	Build App	2026-02-04T07:11:12.1277704Z [1m[92m   Compiling[0m regex-automata v0.4.13
build-windows	Build App	2026-02-04T07:11:13.5915125Z [1m[92m   Compiling[0m servo_arc v0.2.0
build-windows	Build App	2026-02-04T07:11:13.7822508Z [1m[92m   Compiling[0m alloc-stdlib v0.2.2
build-windows	Build App	2026-02-04T07:11:13.8862805Z [1m[92m   Compiling[0m unic-ucd-version v0.9.0
build-windows	Build App	2026-02-04T07:11:14.6327549Z [1m[92m   Compiling[0m url v2.5.8
build-windows	Build App	2026-02-04T07:11:15.5900161Z [1m[92m   Compiling[0m winapi-util v0.1.11
build-windows	Build App	2026-02-04T07:11:15.8658003Z [1m[92m   Compiling[0m fxhash v0.2.1
build-windows	Build App	2026-02-04T07:11:15.8931041Z [1m[92m   Compiling[0m phf v0.8.0
build-windows	Build App	2026-02-04T07:11:15.9785688Z [1m[92m   Compiling[0m match_token v0.1.0
build-windows	Build App	2026-02-04T07:11:16.1531348Z [1m[92m   Compiling[0m serde_derive_internals v0.29.1
build-windows	Build App	2026-02-04T07:11:16.6045441Z [1m[92m   Compiling[0m equivalent v1.0.2
build-windows	Build App	2026-02-04T07:11:16.6729886Z [1m[92m   Compiling[0m hashbrown v0.12.3
build-windows	Build App	2026-02-04T07:11:16.8335097Z [1m[92m   Compiling[0m schemars v0.8.22
build-windows	Build App	2026-02-04T07:11:17.0733240Z [1m[92m   Compiling[0m hashbrown v0.16.1
build-windows	Build App	2026-02-04T07:11:17.4300279Z [1m[92m   Compiling[0m html5ever v0.29.1
build-windows	Build App	2026-02-04T07:11:17.7130187Z [1m[92m   Compiling[0m schemars_derive v0.8.22
build-windows	Build App	2026-02-04T07:11:17.8966240Z [1m[92m   Compiling[0m indexmap v2.13.0
build-windows	Build App	2026-02-04T07:11:18.8463159Z [1m[92m   Compiling[0m same-file v1.0.6
build-windows	Build App	2026-02-04T07:11:18.8994787Z [1m[92m   Compiling[0m regex v1.12.2
build-windows	Build App	2026-02-04T07:11:18.9957342Z [1m[92m   Compiling[0m unic-ucd-ident v0.9.0
build-windows	Build App	2026-02-04T07:11:19.3032445Z [1m[92m   Compiling[0m brotli-decompressor v5.0.0
build-windows	Build App	2026-02-04T07:11:19.6580681Z [1m[92m   Compiling[0m cfb v0.7.3
build-windows	Build App	2026-02-04T07:11:19.7263592Z [1m[92m   Compiling[0m jsonptr v0.6.3
build-windows	Build App	2026-02-04T07:11:20.2105801Z [1m[92m   Compiling[0m cargo-platform v0.1.9
build-windows	Build App	2026-02-04T07:11:20.3634974Z [1m[92m   Compiling[0m dyn-clone v1.0.20
build-windows	Build App	2026-02-04T07:11:20.4819151Z [1m[92m   Compiling[0m dunce v1.0.5
build-windows	Build App	2026-02-04T07:11:20.5115693Z [1m[92m   Compiling[0m bytes v1.11.0
build-windows	Build App	2026-02-04T07:11:20.6459156Z [1m[92m   Compiling[0m brotli v8.0.2
build-windows	Build App	2026-02-04T07:11:20.9034838Z [1m[92m   Compiling[0m cargo_metadata v0.19.2
build-windows	Build App	2026-02-04T07:11:21.4429056Z [1m[92m   Compiling[0m http v1.4.0
build-windows	Build App	2026-02-04T07:11:22.8703189Z [1m[92m   Compiling[0m infer v0.19.0
build-windows	Build App	2026-02-04T07:11:23.2730968Z [1m[92m   Compiling[0m json-patch v3.0.1
build-windows	Build App	2026-02-04T07:11:23.4684293Z [1m[92m   Compiling[0m kuchikiki v0.8.8-speedreader
build-windows	Build App	2026-02-04T07:11:23.4714052Z [1m[92m   Compiling[0m urlpattern v0.3.0
build-windows	Build App	2026-02-04T07:11:23.9459770Z [1m[92m   Compiling[0m walkdir v2.5.0
build-windows	Build App	2026-02-04T07:11:24.2811993Z [1m[92m   Compiling[0m serde-untagged v0.1.9
build-windows	Build App	2026-02-04T07:11:24.3718864Z [1m[92m   Compiling[0m serde_with v3.16.1
build-windows	Build App	2026-02-04T07:11:24.5983398Z [1m[92m   Compiling[0m windows_x86_64_msvc v0.53.1
build-windows	Build App	2026-02-04T07:11:25.1222724Z [1m[92m   Compiling[0m glob v0.3.3
build-windows	Build App	2026-02-04T07:11:25.9577202Z [1m[92m   Compiling[0m once_cell v1.21.3
build-windows	Build App	2026-02-04T07:11:26.2088901Z [1m[92m   Compiling[0m typenum v1.19.0
build-windows	Build App	2026-02-04T07:11:27.2728565Z [1m[92m   Compiling[0m tauri-utils v2.8.2
build-windows	Build App	2026-02-04T07:11:27.3326783Z [1m[92m   Compiling[0m pin-project-lite v0.2.16
build-windows	Build App	2026-02-04T07:11:27.4766458Z [1m[92m   Compiling[0m windows-targets v0.53.5
build-windows	Build App	2026-02-04T07:11:28.2606487Z [1m[92m   Compiling[0m generic-array v0.14.7
build-windows	Build App	2026-02-04T07:11:28.5254439Z [1m[92m   Compiling[0m vswhom-sys v0.1.3
build-windows	Build App	2026-02-04T07:11:28.9351664Z [1m[92m   Compiling[0m windows-link v0.1.3
build-windows	Build App	2026-02-04T07:11:31.7628251Z [1m[92m   Compiling[0m windows-sys v0.60.2
build-windows	Build App	2026-02-04T07:11:31.8659629Z [1m[92m   Compiling[0m windows-targets v0.52.6
build-windows	Build App	2026-02-04T07:11:31.9157033Z [1m[92m   Compiling[0m windows-sys v0.59.0
build-windows	Build App	2026-02-04T07:11:39.0405939Z [1m[92m   Compiling[0m winreg v0.55.0
build-windows	Build App	2026-02-04T07:11:39.4127117Z [1m[92m   Compiling[0m vswhom v0.1.0
build-windows	Build App	2026-02-04T07:11:39.4690723Z [1m[92m   Compiling[0m windows-result v0.3.4
build-windows	Build App	2026-02-04T07:11:39.5299959Z [1m[92m   Compiling[0m windows-strings v0.4.2
build-windows	Build App	2026-02-04T07:11:40.0436924Z [1m[92m   Compiling[0m rustc_version v0.4.1
build-windows	Build App	2026-02-04T07:11:40.4354819Z [1m[92m   Compiling[0m windows-implement v0.60.2
build-windows	Build App	2026-02-04T07:11:40.6426923Z [1m[92m   Compiling[0m windows-interface v0.59.3
build-windows	Build App	2026-02-04T07:11:41.5235184Z [1m[92m   Compiling[0m option-ext v0.2.0
build-windows	Build App	2026-02-04T07:11:41.8661019Z [1m[92m   Compiling[0m windows-core v0.61.2
build-windows	Build App	2026-02-04T07:11:41.8672985Z [1m[92m   Compiling[0m dirs-sys v0.5.0
build-windows	Build App	2026-02-04T07:11:42.5427166Z [1m[92m   Compiling[0m embed-resource v3.0.6
build-windows	Build App	2026-02-04T07:11:42.9832305Z [1m[92m   Compiling[0m socket2 v0.6.2
build-windows	Build App	2026-02-04T07:11:43.6807067Z [1m[92m   Compiling[0m mio v1.1.1
build-windows	Build App	2026-02-04T07:11:44.6091853Z [1m[92m   Compiling[0m tokio-macros v2.6.0
build-windows	Build App	2026-02-04T07:11:45.7003752Z [1m[92m   Compiling[0m heck v0.5.0
build-windows	Build App	2026-02-04T07:11:46.0042779Z [1m[92m   Compiling[0m tokio v1.49.0
build-windows	Build App	2026-02-04T07:11:46.6524948Z [1m[92m   Compiling[0m tauri-winres v0.3.5
build-windows	Build App	2026-02-04T07:11:47.1182826Z [1m[92m   Compiling[0m dirs v6.0.0
build-windows	Build App	2026-02-04T07:11:47.2059548Z [1m[92m   Compiling[0m cargo_toml v0.22.3
build-windows	Build App	2026-02-04T07:11:52.8551572Z [1m[92m   Compiling[0m num-conv v0.2.0
build-windows	Build App	2026-02-04T07:11:53.0041828Z [1m[92m   Compiling[0m powerfmt v0.2.0
build-windows	Build App	2026-02-04T07:11:53.0059813Z [1m[92m   Compiling[0m time-core v0.1.8
build-windows	Build App	2026-02-04T07:11:53.1927821Z [1m[92m   Compiling[0m time-macros v0.2.26
build-windows	Build App	2026-02-04T07:11:53.3799554Z [1m[92m   Compiling[0m deranged v0.5.5
build-windows	Build App	2026-02-04T07:11:53.7662072Z [1m[92m   Compiling[0m tauri-build v2.5.4
build-windows	Build App	2026-02-04T07:11:55.5222615Z [1m[92m   Compiling[0m tauri-plugin v2.5.3
build-windows	Build App	2026-02-04T07:11:55.8140226Z [1m[92m   Compiling[0m windows-threading v0.1.0
build-windows	Build App	2026-02-04T07:11:55.9860383Z [1m[92m   Compiling[0m tracing-core v0.1.36
build-windows	Build App	2026-02-04T07:11:56.1550047Z [1m[92m   Compiling[0m cookie v0.18.1
build-windows	Build App	2026-02-04T07:11:56.3778505Z [1m[92m   Compiling[0m bitflags v2.10.0
build-windows	Build App	2026-02-04T07:11:57.7798343Z [1m[92m   Compiling[0m crossbeam-utils v0.8.21
build-windows	Build App	2026-02-04T07:11:58.0461069Z [1m[92m   Compiling[0m futures-core v0.3.31
build-windows	Build App	2026-02-04T07:11:58.1818631Z [1m[92m   Compiling[0m time v0.3.46
build-windows	Build App	2026-02-04T07:11:58.3105332Z [1m[92m   Compiling[0m tracing v0.1.44
build-windows	Build App	2026-02-04T07:11:59.9995614Z [1m[92m   Compiling[0m windows-future v0.2.1
build-windows	Build App	2026-02-04T07:12:00.5891360Z [1m[92m   Compiling[0m windows-numerics v0.2.0
build-windows	Build App	2026-02-04T07:12:00.7449946Z [1m[92m   Compiling[0m windows-collections v0.2.0
build-windows	Build App	2026-02-04T07:12:00.9589754Z [1m[92m   Compiling[0m simd-adler32 v0.3.8
build-windows	Build App	2026-02-04T07:12:01.0935021Z [1m[92m   Compiling[0m crc32fast v1.5.0
build-windows	Build App	2026-02-04T07:12:01.2201083Z [1m[92m   Compiling[0m windows v0.61.3
build-windows	Build App	2026-02-04T07:12:05.1791644Z [1m[92m   Compiling[0m tauri v2.10.1
build-windows	Build App	2026-02-04T07:12:06.5526595Z [1m[92m   Compiling[0m dpi v0.1.2
build-windows	Build App	2026-02-04T07:12:07.1414244Z [1m[92m   Compiling[0m webview2-com-sys v0.38.2
build-windows	Build App	2026-02-04T07:12:11.7087362Z [1m[92m   Compiling[0m unicode-segmentation v1.12.0
build-windows	Build App	2026-02-04T07:12:12.8262684Z [1m[92m   Compiling[0m adler2 v2.0.1
build-windows	Build App	2026-02-04T07:12:13.1829255Z [1m[92m   Compiling[0m raw-window-handle v0.6.2
build-windows	Build App	2026-02-04T07:12:13.7853127Z [1m[92m   Compiling[0m miniz_oxide v0.8.9
build-windows	Build App	2026-02-04T07:12:18.2644864Z [1m[92m   Compiling[0m crossbeam-channel v0.5.15
build-windows	Build App	2026-02-04T07:12:28.4339852Z [1m[92m   Compiling[0m flate2 v1.1.9
build-windows	Build App	2026-02-04T07:12:31.6724586Z [1m[92m   Compiling[0m crypto-common v0.1.7
build-windows	Build App	2026-02-04T07:12:31.7822918Z [1m[92m   Compiling[0m block-buffer v0.10.4
build-windows	Build App	2026-02-04T07:12:31.9198651Z [1m[92m   Compiling[0m fdeflate v0.3.7
build-windows	Build App	2026-02-04T07:12:35.3560693Z [1m[92m   Compiling[0m ring v0.17.14
build-windows	Build App	2026-02-04T07:12:36.0602822Z [1m[92m   Compiling[0m webview2-com-macros v0.8.1
build-windows	Build App	2026-02-04T07:12:37.5224921Z [1m[92m   Compiling[0m windows-version v0.1.7
build-windows	Build App	2026-02-04T07:12:44.0090863Z [1m[92m   Compiling[0m png v0.17.16
build-windows	Build App	2026-02-04T07:12:45.5762369Z [1m[92m   Compiling[0m digest v0.10.7
build-windows	Build App	2026-02-04T07:12:55.1309996Z [1m[92m   Compiling[0m keyboard-types v0.7.0
build-windows	Build App	2026-02-04T07:12:58.8677401Z [1m[92m   Compiling[0m webview2-com v0.38.2
build-windows	Build App	2026-02-04T07:13:02.2549761Z [1m[92m   Compiling[0m pin-utils v0.1.0
build-windows	Build App	2026-02-04T07:13:02.3204295Z [1m[92m   Compiling[0m zeroize v1.8.2
build-windows	Build App	2026-02-04T07:13:02.5529817Z [1m[92m   Compiling[0m wry v0.54.1
build-windows	Build App	2026-02-04T07:13:03.0734640Z [1m[92m   Compiling[0m tauri-runtime v2.10.0
build-windows	Build App	2026-02-04T07:13:03.3609407Z [1m[92m   Compiling[0m cpufeatures v0.2.17
build-windows	Build App	2026-02-04T07:13:03.4241403Z [1m[92m   Compiling[0m sha2 v0.10.9
build-windows	Build App	2026-02-04T07:13:04.0589154Z [1m[92m   Compiling[0m rustls-pki-types v1.14.0
build-windows	Build App	2026-02-04T07:13:05.7209016Z [1m[92m   Compiling[0m ico v0.5.0
build-windows	Build App	2026-02-04T07:13:09.9690803Z [1m[92m   Compiling[0m http-body v1.0.1
build-windows	Build App	2026-02-04T07:13:10.2897841Z [1m[92m   Compiling[0m httparse v1.10.1
build-windows	Build App	2026-02-04T07:13:10.6758866Z [1m[92m   Compiling[0m tauri-runtime-wry v2.10.0
build-windows	Build App	2026-02-04T07:13:10.8038668Z [1m[92m   Compiling[0m futures-sink v0.3.31
build-windows	Build App	2026-02-04T07:13:10.9179566Z [1m[92m   Compiling[0m lazy_static v1.5.0
build-windows	Build App	2026-02-04T07:13:10.9286423Z [1m[92m   Compiling[0m futures-task v0.3.31
build-windows	Build App	2026-02-04T07:13:11.2651635Z [1m[92m   Compiling[0m base64 v0.22.1
build-windows	Build App	2026-02-04T07:13:11.7006396Z [1m[92m   Compiling[0m mime v0.3.17
build-windows	Build App	2026-02-04T07:13:12.0915920Z [1m[92m   Compiling[0m untrusted v0.9.0
build-windows	Build App	2026-02-04T07:13:12.8532019Z [1m[92m   Compiling[0m tauri-codegen v2.5.3
build-windows	Build App	2026-02-04T07:13:14.9601993Z [1m[92m   Compiling[0m futures-util v0.3.31
build-windows	Build App	2026-02-04T07:13:15.6552352Z [1m[92m   Compiling[0m tao v0.34.5
build-windows	Build App	2026-02-04T07:13:17.9575302Z [1m[92m   Compiling[0m tokio-util v0.7.18
build-windows	Build App	2026-02-04T07:13:21.4250237Z [1m[92m   Compiling[0m muda v0.17.1
build-windows	Build App	2026-02-04T07:13:25.2268769Z [1m[92m   Compiling[0m softbuffer v0.4.8
build-windows	Build App	2026-02-04T07:13:26.5703593Z [1m[92m   Compiling[0m windows-result v0.1.2
build-windows	Build App	2026-02-04T07:13:27.0106354Z [1m[92m   Compiling[0m serialize-to-javascript-impl v0.1.2
build-windows	Build App	2026-02-04T07:13:28.2462585Z [1m[92m   Compiling[0m windows-result v0.4.1
build-windows	Build App	2026-02-04T07:13:29.1995666Z [1m[92m   Compiling[0m windows-strings v0.5.1
build-windows	Build App	2026-02-04T07:13:29.3872494Z [1m[92m   Compiling[0m tower-service v0.3.3
build-windows	Build App	2026-02-04T07:13:29.4852158Z [1m[92m   Compiling[0m rustls v0.23.36
build-windows	Build App	2026-02-04T07:13:30.0947688Z [1m[92m   Compiling[0m atomic-waker v1.1.2
build-windows	Build App	2026-02-04T07:13:30.2481689Z [1m[92m   Compiling[0m try-lock v0.2.5
build-windows	Build App	2026-02-04T07:13:30.3426926Z [1m[92m   Compiling[0m slab v0.4.12
build-windows	Build App	2026-02-04T07:13:30.3444455Z [1m[92m   Compiling[0m want v0.3.1
build-windows	Build App	2026-02-04T07:13:30.5051152Z [1m[92m   Compiling[0m windows-registry v0.6.1
build-windows	Build App	2026-02-04T07:13:30.6185937Z [1m[92m   Compiling[0m h2 v0.4.13
build-windows	Build App	2026-02-04T07:13:30.9315264Z [1m[92m   Compiling[0m serialize-to-javascript v0.1.2
build-windows	Build App	2026-02-04T07:13:32.0853893Z [1m[92m   Compiling[0m tray-icon v0.21.3
build-windows	Build App	2026-02-04T07:13:36.5373492Z [1m[92m   Compiling[0m tauri-macros v2.5.3
build-windows	Build App	2026-02-04T07:13:38.0014708Z [1m[92m   Compiling[0m rustls-webpki v0.103.9
build-windows	Build App	2026-02-04T07:13:40.4195991Z [1m[92m   Compiling[0m window-vibrancy v0.6.0
build-windows	Build App	2026-02-04T07:13:40.9472841Z [1m[92m   Compiling[0m futures-channel v0.3.31
build-windows	Build App	2026-02-04T07:13:41.5098508Z [1m[92m   Compiling[0m tauri-plugin-fs v2.4.5
build-windows	Build App	2026-02-04T07:13:43.9766104Z [1m[92m   Compiling[0m serde_repr v0.1.20
build-windows	Build App	2026-02-04T07:13:45.1772133Z [1m[92m   Compiling[0m subtle v2.6.1
build-windows	Build App	2026-02-04T07:13:45.6196539Z [1m[92m   Compiling[0m litrs v1.0.0
build-windows	Build App	2026-02-04T07:13:46.1763596Z [1m[92m   Compiling[0m unicase v2.9.0
build-windows	Build App	2026-02-04T07:13:46.6661358Z [1m[92m   Compiling[0m psl-types v2.0.11
build-windows	Build App	2026-02-04T07:13:46.9486650Z [1m[92m   Compiling[0m publicsuffix v2.3.0
build-windows	Build App	2026-02-04T07:13:47.4407785Z [1m[92m   Compiling[0m document-features v0.2.12
build-windows	Build App	2026-02-04T07:13:48.5538235Z [1m[92m   Compiling[0m mime_guess v2.0.5
build-windows	Build App	2026-02-04T07:13:50.9536351Z [1m[92m   Compiling[0m hyper v1.8.1
build-windows	Build App	2026-02-04T07:14:04.2305962Z [1m[92m   Compiling[0m sync_wrapper v1.0.2
build-windows	Build App	2026-02-04T07:14:05.7725143Z [1m[92m   Compiling[0m ipnet v2.11.0
build-windows	Build App	2026-02-04T07:14:10.2260667Z [1m[92m   Compiling[0m tower-layer v0.3.3
build-windows	Build App	2026-02-04T07:14:10.9353070Z [1m[92m   Compiling[0m tower v0.5.3
build-windows	Build App	2026-02-04T07:14:12.4119701Z [1m[92m   Compiling[0m hyper-util v0.1.20
build-windows	Build App	2026-02-04T07:14:21.6625080Z [1m[92m   Compiling[0m tokio-rustls v0.26.4
build-windows	Build App	2026-02-04T07:14:22.5172783Z [1m[92m   Compiling[0m webpki-roots v1.0.5
build-windows	Build App	2026-02-04T07:14:22.9431037Z [1m[92m   Compiling[0m tauri-plugin-opener v2.5.3
build-windows	Build App	2026-02-04T07:14:24.7196168Z [1m[92m   Compiling[0m tauri-plugin-global-shortcut v2.3.1
build-windows	Build App	2026-02-04T07:14:26.3382901Z [1m[92m   Compiling[0m tauri-plugin-http v2.5.6
build-windows	Build App	2026-02-04T07:14:27.9424210Z [1m[92m   Compiling[0m windows-interface v0.56.0
build-windows	Build App	2026-02-04T07:14:28.9784491Z [1m[92m   Compiling[0m windows-implement v0.56.0
build-windows	Build App	2026-02-04T07:14:29.8350180Z [1m[92m   Compiling[0m num-traits v0.2.19
build-windows	Build App	2026-02-04T07:14:30.5040127Z [1m[92m   Compiling[0m iri-string v0.7.10
build-windows	Build App	2026-02-04T07:14:35.5868647Z [1m[92m   Compiling[0m ryu v1.0.22
build-windows	Build App	2026-02-04T07:14:36.1515524Z [1m[92m   Compiling[0m serde_urlencoded v0.7.1
build-windows	Build App	2026-02-04T07:14:36.5310856Z [1m[92m   Compiling[0m tower-http v0.6.8
build-windows	Build App	2026-02-04T07:14:39.6485855Z [1m[92m   Compiling[0m windows-core v0.56.0
build-windows	Build App	2026-02-04T07:14:40.7750432Z [1m[92m   Compiling[0m hyper-rustls v0.27.7
build-windows	Build App	2026-02-04T07:14:42.3253688Z [1m[92m   Compiling[0m cookie_store v0.22.0
build-windows	Build App	2026-02-04T07:14:42.5288518Z [1m[92m   Compiling[0m windows-core v0.54.0
build-windows	Build App	2026-02-04T07:14:43.9784541Z [1m[92m   Compiling[0m http-body-util v0.1.3
build-windows	Build App	2026-02-04T07:14:44.3612310Z [1m[92m   Compiling[0m encoding_rs v0.8.35
build-windows	Build App	2026-02-04T07:14:44.3938202Z [1m[92m   Compiling[0m cpal v0.15.3
build-windows	Build App	2026-02-04T07:14:44.6648733Z [1m[92m   Compiling[0m winapi v0.3.9
build-windows	Build App	2026-02-04T07:14:45.2867523Z [1m[92m   Compiling[0m windows v0.54.0
build-windows	Build App	2026-02-04T07:14:46.5091908Z [1m[92m   Compiling[0m reqwest v0.12.28
build-windows	Build App	2026-02-04T07:14:47.0789578Z [1m[92m   Compiling[0m windows v0.56.0
build-windows	Build App	2026-02-04T07:14:55.5039408Z [1m[92m   Compiling[0m cookie_store v0.21.1
build-windows	Build App	2026-02-04T07:14:55.9136944Z [1m[92m   Compiling[0m global-hotkey v0.7.0
build-windows	Build App	2026-02-04T07:14:58.7849201Z [1m[92m   Compiling[0m open v5.3.3
build-windows	Build App	2026-02-04T07:14:59.1711507Z [1m[92m   Compiling[0m appsdesktop v0.1.0 (D:\a\voice2text\voice2text\apps\desktop\src-tauri)
build-windows	Build App	2026-02-04T07:14:59.7398292Z [1m[92m   Compiling[0m data-url v0.3.2
build-windows	Build App	2026-02-04T07:15:00.3465120Z [1m[92m   Compiling[0m dasp_sample v0.11.0
build-windows	Build App	2026-02-04T07:15:07.2474694Z [1m[92m   Compiling[0m chrono v0.4.43
build-windows	Build App	2026-02-04T07:15:15.0789755Z [1m[92m   Compiling[0m enigo v0.2.1
build-windows	Build App	2026-02-04T07:15:16.4379552Z [1m[92m   Compiling[0m machine-uid v0.5.4
build-windows	Build App	2026-02-04T07:15:16.8789366Z [1m[92m   Compiling[0m hound v3.5.1
build-windows	Build App	2026-02-04T07:15:21.8457024Z [1m[93mwarning[0m[1m[97m: unused import: `HostTrait`[0m
build-windows	Build App	2026-02-04T07:15:21.8458384Z   [1m[96m--> [0msrc\lib.rs:12:33
build-windows	Build App	2026-02-04T07:15:21.8458800Z    [1m[96m|[0m
build-windows	Build App	2026-02-04T07:15:21.8461848Z [1m[96m12[0m [1m[96m|[0m use cpal::traits::{DeviceTrait, HostTrait};
build-windows	Build App	2026-02-04T07:15:21.8462796Z    [1m[96m|[0m                                 [1m[93m^^^^^^^^^[0m
build-windows	Build App	2026-02-04T07:15:21.8463317Z    [1m[96m|[0m
build-windows	Build App	2026-02-04T07:15:21.8463925Z    [1m[96m= [0m[1m[97mnote[0m: `#[warn(unused_imports)]` (part of `#[warn(unused)]`) on by default
build-windows	Build App	2026-02-04T07:15:21.8464372Z 
build-windows	Build App	2026-02-04T07:15:22.0497164Z [1m[91merror[E0382][0m[1m[97m: borrow of moved value: `response`[0m
build-windows	Build App	2026-02-04T07:15:22.0498159Z    [1m[96m--> [0msrc\transcribe.rs:70:50
build-windows	Build App	2026-02-04T07:15:22.0498680Z     [1m[96m|[0m
build-windows	Build App	2026-02-04T07:15:22.0499585Z  [1m[96m61[0m [1m[96m|[0m     let response = client.post("https://voice2text.runitfast.xyz/api/transcribe")
build-windows	Build App	2026-02-04T07:15:22.0501028Z     [1m[96m|[0m         [1m[96m--------[0m [1m[96mmove occurs because `response` has type `reqwest::Response`, which does not implement the `Copy` trait[0m
build-windows	Build App	2026-02-04T07:15:22.0501826Z [1m[96m...[0m
build-windows	Build App	2026-02-04T07:15:22.0502490Z  [1m[96m69[0m [1m[96m|[0m         let err_body = response.text().await.unwrap_or_else(|_| "Unknown error".to_string());
build-windows	Build App	2026-02-04T07:15:22.0503621Z     [1m[96m|[0m                                 [1m[96m------[0m [1m[96m`response` moved due to this method call[0m
build-windows	Build App	2026-02-04T07:15:22.0504464Z  [1m[96m70[0m [1m[96m|[0m         return Err(format!("API error ({}): {}", response.status(), err_body));
build-windows	Build App	2026-02-04T07:15:22.0505324Z     [1m[96m|[0m                                                  [1m[91m^^^^^^^^[0m [1m[91mvalue borrowed here after move[0m
build-windows	Build App	2026-02-04T07:15:22.0505812Z     [1m[96m|[0m
build-windows	Build App	2026-02-04T07:15:22.0506470Z [1m[92mnote[0m: `reqwest::Response::text` takes ownership of the receiver `self`, which moves `response`
build-windows	Build App	2026-02-04T07:15:22.0507494Z    [1m[96m--> [0mC:\Users\runneradmin\.cargo\registry\src\index.crates.io-1949cf8c6b5b557f\reqwest-0.12.28\src\async_impl\response.rs:163:23
build-windows	Build App	2026-02-04T07:15:22.0508133Z     [1m[96m|[0m
build-windows	Build App	2026-02-04T07:15:22.0508669Z [1m[96m163[0m [1m[96m|[0m     pub async fn text(self) -> crate::Result<String> {
build-windows	Build App	2026-02-04T07:15:22.0509200Z     [1m[96m|[0m                       [1m[92m^^^^[0m
build-windows	Build App	2026-02-04T07:15:22.0509411Z 
build-windows	Build App	2026-02-04T07:15:22.0581446Z [1m[91merror[E0382][0m[1m[97m: borrow of moved value: `res`[0m
build-windows	Build App	2026-02-04T07:15:22.0582375Z    [1m[96m--> [0msrc\auth.rs:44:53
build-windows	Build App	2026-02-04T07:15:22.0582798Z     [1m[96m|[0m
build-windows	Build App	2026-02-04T07:15:22.0583499Z  [1m[96m36[0m [1m[96m|[0m     let res = client.post("https://voice2text-web.vercel.app/api/client/status")
build-windows	Build App	2026-02-04T07:15:22.0584837Z     [1m[96m|[0m         [1m[96m---[0m [1m[96mmove occurs because `res` has type `reqwest::Response`, which does not implement the `Copy` trait[0m
build-windows	Build App	2026-02-04T07:15:22.0585601Z [1m[96m...[0m
build-windows	Build App	2026-02-04T07:15:22.0586063Z  [1m[96m43[0m [1m[96m|[0m         let err_text = res.text().await.unwrap_or_default();
build-windows	Build App	2026-02-04T07:15:22.0586712Z     [1m[96m|[0m                            [1m[96m------[0m [1m[96m`res` moved due to this method call[0m
build-windows	Build App	2026-02-04T07:15:22.0587451Z  [1m[96m44[0m [1m[96m|[0m         return Err(format!("Server error ({}): {}", res.status(), err_text));
build-windows	Build App	2026-02-04T07:15:22.0588201Z     [1m[96m|[0m                                                     [1m[91m^^^[0m [1m[91mvalue borrowed here after move[0m
build-windows	Build App	2026-02-04T07:15:22.0588641Z     [1m[96m|[0m
build-windows	Build App	2026-02-04T07:15:22.0589229Z [1m[92mnote[0m: `reqwest::Response::text` takes ownership of the receiver `self`, which moves `res`
build-windows	Build App	2026-02-04T07:15:22.0590202Z    [1m[96m--> [0mC:\Users\runneradmin\.cargo\registry\src\index.crates.io-1949cf8c6b5b557f\reqwest-0.12.28\src\async_impl\response.rs:163:23
build-windows	Build App	2026-02-04T07:15:22.0590826Z     [1m[96m|[0m
build-windows	Build App	2026-02-04T07:15:22.0591342Z [1m[96m163[0m [1m[96m|[0m     pub async fn text(self) -> crate::Result<String> {
build-windows	Build App	2026-02-04T07:15:22.0592086Z     [1m[96m|[0m                       [1m[92m^^^^[0m
build-windows	Build App	2026-02-04T07:15:22.0592297Z 
build-windows	Build App	2026-02-04T07:15:22.2921073Z [1m[91merror[E0599][0m[1m[97m: no method named `handle` found for reference `&AppHandle<_>` in the current scope[0m
build-windows	Build App	2026-02-04T07:15:22.2921933Z    [1m[96m--> [0msrc\lib.rs:172:62
build-windows	Build App	2026-02-04T07:15:22.2922291Z     [1m[96m|[0m
build-windows	Build App	2026-02-04T07:15:22.2922895Z [1m[96m172[0m [1m[96m|[0m                     "logs" => { let _ = open_data_folder(app.handle().clone()); },
build-windows	Build App	2026-02-04T07:15:22.2923615Z     [1m[96m|[0m                                                              [1m[91m^^^^^^[0m
build-windows	Build App	2026-02-04T07:15:22.2924072Z     [1m[96m|[0m
build-windows	Build App	2026-02-04T07:15:22.2924630Z [1m[96mhelp[0m: there is a method `and` with a similar name, but with different arguments
build-windows	Build App	2026-02-04T07:15:22.2925777Z    [1m[96m--> [0mC:\Users\runneradmin\.cargo\registry\src\index.crates.io-1949cf8c6b5b557f\tower-http-0.6.8\src\follow_redirect\policy\mod.rs:141:5
build-windows	Build App	2026-02-04T07:15:22.2926577Z     [1m[96m|[0m
build-windows	Build App	2026-02-04T07:15:22.2927115Z [1m[96m141[0m [1m[96m|[0m [1m[96m/[0m     fn and<P, B, E>(self, other: P) -> And<Self, P>
build-windows	Build App	2026-02-04T07:15:22.2927737Z [1m[96m142[0m [1m[96m|[0m [1m[96m|[0m     where
build-windows	Build App	2026-02-04T07:15:22.2928588Z [1m[96m143[0m [1m[96m|[0m [1m[96m|[0m         Self: Policy<B, E> + Sized,
build-windows	Build App	2026-02-04T07:15:22.2929193Z [1m[96m144[0m [1m[96m|[0m [1m[96m|[0m         P: Policy<B, E>;
build-windows	Build App	2026-02-04T07:15:22.2929698Z     [1m[96m|[0m [1m[96m|________________________^[0m
build-windows	Build App	2026-02-04T07:15:22.2929933Z 
build-windows	Build App	2026-02-04T07:15:22.5651844Z [1m[93mwarning[0m[1m[97m: unused import: `DeviceTrait`[0m
build-windows	Build App	2026-02-04T07:15:22.5652515Z   [1m[96m--> [0msrc\lib.rs:12:20
build-windows	Build App	2026-02-04T07:15:22.5652883Z    [1m[96m|[0m
build-windows	Build App	2026-02-04T07:15:22.5653586Z [1m[96m12[0m [1m[96m|[0m use cpal::traits::{DeviceTrait, HostTrait};
build-windows	Build App	2026-02-04T07:15:22.5654201Z    [1m[96m|[0m                    [1m[93m^^^^^^^^^^^[0m
build-windows	Build App	2026-02-04T07:15:22.5654469Z 
build-windows	Build App	2026-02-04T07:15:22.6540671Z [1m[93mwarning[0m[1m[97m: unused variable: `label`[0m
build-windows	Build App	2026-02-04T07:15:22.6541719Z    [1m[96m--> [0msrc\lib.rs:115:37
build-windows	Build App	2026-02-04T07:15:22.6542384Z     [1m[96m|[0m
build-windows	Build App	2026-02-04T07:15:22.6543213Z [1m[96m115[0m [1m[96m|[0m fn handle_shortcut(app: &AppHandle, label: &str) {
build-windows	Build App	2026-02-04T07:15:22.6544483Z     [1m[96m|[0m                                     [1m[93m^^^^^[0m [1m[93mhelp: if this is intentional, prefix it with an underscore: `_label`[0m
build-windows	Build App	2026-02-04T07:15:22.6545505Z     [1m[96m|[0m
build-windows	Build App	2026-02-04T07:15:22.6546128Z     [1m[96m= [0m[1m[97mnote[0m: `#[warn(unused_variables)]` (part of `#[warn(unused)]`) on by default
build-windows	Build App	2026-02-04T07:15:22.6546594Z 
build-windows	Build App	2026-02-04T07:15:22.8622181Z [1m[97mSome errors have detailed explanations: E0382, E0599.[0m
build-windows	Build App	2026-02-04T07:15:22.8622996Z [1m[97mFor more information about an error, try `rustc --explain E0382`.[0m
build-windows	Build App	2026-02-04T07:15:22.8793430Z [1m[93mwarning[0m: `appsdesktop` (lib) generated 3 warnings
build-windows	Build App	2026-02-04T07:15:22.8794533Z [1m[91merror[0m: could not compile `appsdesktop` (lib) due to 3 previous errors; 3 warnings emitted
build-windows	Build App	2026-02-04T07:15:23.0419088Z failed to build app: failed to build app
build-windows	Build App	2026-02-04T07:15:23.0428280Z        Error failed to build app: failed to build app
build-windows	Build App	2026-02-04T07:15:23.0759596Z â€‰ELIFECYCLEâ€‰ Command failed with exit code 1.
build-windows	Build App	2026-02-04T07:15:23.1926843Z ##[error]Process completed with exit code 1.
build-windows	Post Setup PNPM	ï»¿2026-02-04T07:15:23.2125931Z Post job cleanup.
build-windows	Post Setup PNPM	2026-02-04T07:15:23.2992063Z Pruning is unnecessary.
build-windows	Post Run actions/checkout@v4	ï»¿2026-02-04T07:15:23.3249660Z Post job cleanup.
build-windows	Post Run actions/checkout@v4	2026-02-04T07:15:23.5513634Z [command]"C:\Program Files\Git\bin\git.exe" version
build-windows	Post Run actions/checkout@v4	2026-02-04T07:15:23.5787406Z git version 2.52.0.windows.1
build-windows	Post Run actions/checkout@v4	2026-02-04T07:15:23.5864174Z Temporarily overriding HOME='D:\a\_temp\3323a38b-0e48-4254-9a4b-362463940930' before making global git config changes
build-windows	Post Run actions/checkout@v4	2026-02-04T07:15:23.5865125Z Adding repository directory to the temporary git global config as a safe directory
build-windows	Post Run actions/checkout@v4	2026-02-04T07:15:23.5875718Z [command]"C:\Program Files\Git\bin\git.exe" config --global --add safe.directory D:\a\voice2text\voice2text
build-windows	Post Run actions/checkout@v4	2026-02-04T07:15:23.6191195Z [command]"C:\Program Files\Git\bin\git.exe" config --local --name-only --get-regexp core\.sshCommand
build-windows	Post Run actions/checkout@v4	2026-02-04T07:15:23.6490930Z [command]"C:\Program Files\Git\bin\git.exe" submodule foreach --recursive "sh -c \"git config --local --name-only --get-regexp 'core\.sshCommand' && git config --local --unset-all 'core.sshCommand' || :\""
build-windows	Post Run actions/checkout@v4	2026-02-04T07:15:24.1734379Z [command]"C:\Program Files\Git\bin\git.exe" config --local --name-only --get-regexp http\.https\:\/\/github\.com\/\.extraheader
build-windows	Post Run actions/checkout@v4	2026-02-04T07:15:24.2001221Z http.https://github.com/.extraheader
build-windows	Post Run actions/checkout@v4	2026-02-04T07:15:24.2047755Z [command]"C:\Program Files\Git\bin\git.exe" config --local --unset-all http.https://github.com/.extraheader
build-windows	Post Run actions/checkout@v4	2026-02-04T07:15:24.2363846Z [command]"C:\Program Files\Git\bin\git.exe" submodule foreach --recursive "sh -c \"git config --local --name-only --get-regexp 'http\.https\:\/\/github\.com\/\.extraheader' && git config --local --unset-all 'http.https://github.com/.extraheader' || :\""
build-windows	Post Run actions/checkout@v4	2026-02-04T07:15:24.7616291Z [command]"C:\Program Files\Git\bin\git.exe" config --local --name-only --get-regexp ^includeIf\.gitdir:
build-windows	Post Run actions/checkout@v4	2026-02-04T07:15:24.7925208Z [command]"C:\Program Files\Git\bin\git.exe" submodule foreach --recursive "git config --local --show-origin --name-only --get-regexp remote.origin.url"
build-windows	Complete job	ï»¿2026-02-04T07:15:25.3304071Z Cleaning up orphan processes
build-windows	Complete job	2026-02-04T07:15:25.3536614Z Terminate orphan process: pid (4684) (vctip)
